#
# There is insufficient memory for the Java Runtime Environment to continue.
# Native memory allocation (malloc) failed to allocate 1963696 bytes. Error detail: Chunk::new
# Possible reasons:
#   The system is out of physical RAM or swap space
#   This process is running with CompressedOops enabled, and the Java Heap may be blocking the growth of the native heap
# Possible solutions:
#   Reduce memory load on the system
#   Increase physical memory or swap space
#   Check if swap backing store is full
#   Decrease Java heap size (-Xmx/-Xms)
#   Decrease number of Java threads
#   Decrease Java thread stack sizes (-Xss)
#   Set larger code cache with -XX:ReservedCodeCacheSize=
#   JVM is running with Unscaled Compressed Oops mode in which the Java heap is
#     placed in the first 4GB address space. The Java Heap base address is the
#     maximum limit for the native heap growth. Please use -XX:HeapBaseMinAddress
#     to set the Java Heap base and to place the Java Heap above 4GB virtual address.
# This output file may be truncated or incomplete.
#
#  Out of Memory Error (arena.cpp:150), pid=30352, tid=19988
#
# JRE version: Java(TM) SE Runtime Environment (22.0.1+8) (build 22.0.1+8-16)
# Java VM: Java HotSpot(TM) 64-Bit Server VM (22.0.1+8-16, mixed mode, sharing, tiered, compressed oops, compressed class ptrs, g1 gc, windows-amd64)
# No core dump will be written. Minidumps are not enabled by default on client versions of Windows
#

---------------  S U M M A R Y ------------

Command Line: --add-opens=java.base/java.lang=ALL-UNNAMED --add-opens=java.base/java.lang.invoke=ALL-UNNAMED --add-opens=java.base/java.util=ALL-UNNAMED --add-opens=java.prefs/java.util.prefs=ALL-UNNAMED --add-exports=jdk.compiler/com.sun.tools.javac.api=ALL-UNNAMED --add-exports=jdk.compiler/com.sun.tools.javac.util=ALL-UNNAMED --add-opens=java.base/java.util=ALL-UNNAMED --add-opens=java.prefs/java.util.prefs=ALL-UNNAMED --add-opens=java.base/java.nio.charset=ALL-UNNAMED --add-opens=java.base/java.net=ALL-UNNAMED --add-opens=java.base/java.util.concurrent.atomic=ALL-UNNAMED --add-opens=java.xml/javax.xml.namespace=ALL-UNNAMED -XX:MaxMetaspaceSize=384m -XX:+HeapDumpOnOutOfMemoryError -Xms256m -Xmx512m -Dfile.encoding=UTF-8 -Duser.country=KR -Duser.language=ko -Duser.variant -javaagent:C:\Users\byeon\.gradle\wrapper\dists\gradle-8.13-bin\5xuhj0ry160q40clulazy9h7d\gradle-8.13\lib\agents\gradle-instrumentation-agent-8.13.jar org.gradle.launcher.daemon.bootstrap.GradleDaemon 8.13

Host: 11th Gen Intel(R) Core(TM) i5-1135G7 @ 2.40GHz, 8 cores, 7G,  Windows 11 , 64 bit Build 26100 (10.0.26100.8875)
Time: Thu Sep 10 13:33:01 2026  Windows 11 , 64 bit Build 26100 (10.0.26100.8875) elapsed time: 22.432954 seconds (0d 0h 0m 22s)

---------------  T H R E A D  ---------------

Current thread (0x00000207ce019990):  JavaThread "C2 CompilerThread0" daemon [_thread_in_native, id=19988, stack(0x000000c09af00000,0x000000c09b000000) (1024K)]


Current CompileTask:
C2:22433 2702   !   4       java.lang.ClassLoader::loadClass (121 bytes)

Stack: [0x000000c09af00000,0x000000c09b000000]
Native frames: (J=compiled Java code, j=interpreted, Vv=VM code, C=native code)
V  [jvm.dll+0x6e2279]  (no source info available)
V  [jvm.dll+0x874e33]  (no source info available)
V  [jvm.dll+0x87725e]  (no source info available)
V  [jvm.dll+0x877933]  (no source info available)
V  [jvm.dll+0x27fd76]  (no source info available)
V  [jvm.dll+0xc3d0f]  (no source info available)
V  [jvm.dll+0xc3f6b]  (no source info available)
V  [jvm.dll+0x3bb0d2]  (no source info available)
V  [jvm.dll+0x387b6b]  (no source info available)
V  [jvm.dll+0x386fda]  (no source info available)
V  [jvm.dll+0x247918]  (no source info available)
V  [jvm.dll+0x246fbf]  (no source info available)
V  [jvm.dll+0x1c4e90]  (no source info available)
V  [jvm.dll+0x2569fe]  (no source info available)
V  [jvm.dll+0x254cba]  (no source info available)
V  [jvm.dll+0x3f5336]  (no source info available)
V  [jvm.dll+0x81d44b]  (no source info available)
V  [jvm.dll+0x6e0915]  (no source info available)
C  [ucrtbase.dll+0x2cd30]  (no source info available)
C  [KERNEL32.DLL+0x2e957]  (no source info available)
C  [ntdll.dll+0xaad6c]  (no source info available)


---------------  P R O C E S S  ---------------

Threads class SMR info:
_java_thread_list=0x00000207cece8420, length=24, elements={
0x000002079822e2f0, 0x00000207ce00c040, 0x00000207ce00d610, 0x00000207ce011410,
0x00000207ce013b10, 0x00000207ce0150e0, 0x00000207ce016ac0, 0x00000207ce019990,
0x00000207ce02c6c0, 0x00000207ce157470, 0x00000207ce253e30, 0x00000207cec56e40,
0x00000207cfa59610, 0x00000207cfa95de0, 0x00000207cfba1f80, 0x00000207cfba25f0,
0x00000207ceedb1b0, 0x00000207cefbcbe0, 0x00000207cefbc550, 0x00000207cefbd270,
0x00000207cefbd900, 0x00000207cfde89f0, 0x00000207cfde9710, 0x00000207cfde9da0
}

Java Threads: ( => current thread )
  0x000002079822e2f0 JavaThread "main"                              [_thread_blocked, id=5252, stack(0x000000c09a100000,0x000000c09a200000) (1024K)]
  0x00000207ce00c040 JavaThread "Reference Handler"          daemon [_thread_blocked, id=3988, stack(0x000000c09a900000,0x000000c09aa00000) (1024K)]
  0x00000207ce00d610 JavaThread "Finalizer"                  daemon [_thread_blocked, id=25444, stack(0x000000c09aa00000,0x000000c09ab00000) (1024K)]
  0x00000207ce011410 JavaThread "Signal Dispatcher"          daemon [_thread_blocked, id=5444, stack(0x000000c09ab00000,0x000000c09ac00000) (1024K)]
  0x00000207ce013b10 JavaThread "Attach Listener"            daemon [_thread_blocked, id=39000, stack(0x000000c09ac00000,0x000000c09ad00000) (1024K)]
  0x00000207ce0150e0 JavaThread "Service Thread"             daemon [_thread_blocked, id=26048, stack(0x000000c09ad00000,0x000000c09ae00000) (1024K)]
  0x00000207ce016ac0 JavaThread "Monitor Deflation Thread"   daemon [_thread_blocked, id=29124, stack(0x000000c09ae00000,0x000000c09af00000) (1024K)]
=>0x00000207ce019990 JavaThread "C2 CompilerThread0"         daemon [_thread_in_native, id=19988, stack(0x000000c09af00000,0x000000c09b000000) (1024K)]
  0x00000207ce02c6c0 JavaThread "C1 CompilerThread0"         daemon [_thread_in_vm, id=12576, stack(0x000000c09b000000,0x000000c09b100000) (1024K)]
  0x00000207ce157470 JavaThread "Common-Cleaner"             daemon [_thread_blocked, id=18136, stack(0x000000c09b100000,0x000000c09b200000) (1024K)]
  0x00000207ce253e30 JavaThread "Notification Thread"        daemon [_thread_blocked, id=24664, stack(0x000000c09b200000,0x000000c09b300000) (1024K)]
  0x00000207cec56e40 JavaThread "Daemon health stats"               [_thread_blocked, id=35368, stack(0x000000c09b800000,0x000000c09b900000) (1024K)]
  0x00000207cfa59610 JavaThread "Incoming local TCP Connector on port 63054"        [_thread_in_native, id=25104, stack(0x000000c09bb00000,0x000000c09bc00000) (1024K)]
  0x00000207cfa95de0 JavaThread "Daemon periodic checks"            [_thread_blocked, id=10344, stack(0x000000c09bc00000,0x000000c09bd00000) (1024K)]
  0x00000207cfba1f80 JavaThread "Daemon"                            [_thread_blocked, id=30444, stack(0x000000c09bd00000,0x000000c09be00000) (1024K)]
  0x00000207cfba25f0 JavaThread "Handler for socket connection from /127.0.0.1:63054 to /127.0.0.1:63055"        [_thread_in_native, id=36768, stack(0x000000c09be00000,0x000000c09bf00000) (1024K)]
  0x00000207ceedb1b0 JavaThread "Cancel handler"                    [_thread_blocked, id=5164, stack(0x000000c09bf00000,0x000000c09c000000) (1024K)]
  0x00000207cefbcbe0 JavaThread "Daemon worker"                     [_thread_in_vm, id=26168, stack(0x000000c09c000000,0x000000c09c100000) (1024K)]
  0x00000207cefbc550 JavaThread "Asynchronous log dispatcher for DefaultDaemonConnection: socket connection from /127.0.0.1:63054 to /127.0.0.1:63055"        [_thread_blocked, id=14000, stack(0x000000c09c100000,0x000000c09c200000) (1024K)]
  0x00000207cefbd270 JavaThread "Stdin handler"                     [_thread_blocked, id=31268, stack(0x000000c09c200000,0x000000c09c300000) (1024K)]
  0x00000207cefbd900 JavaThread "Daemon client event forwarder"        [_thread_blocked, id=14976, stack(0x000000c09c300000,0x000000c09c400000) (1024K)]
  0x00000207cfde89f0 JavaThread "Cache worker for journal cache (C:\Users\byeon\.gradle\caches\journal-1)"        [_thread_blocked, id=29052, stack(0x000000c09c400000,0x000000c09c500000) (1024K)]
  0x00000207cfde9710 JavaThread "File lock request listener"        [_thread_in_native, id=34920, stack(0x000000c09c500000,0x000000c09c600000) (1024K)]
  0x00000207cfde9da0 JavaThread "Cache worker for file hash cache (C:\Users\byeon\.gradle\caches\8.13\fileHashes)"        [_thread_new, id=26576, stack(0x0000000000000000,0x0000000000000000) (0B)]
Total: 24

Other Threads:
  0x00000207b4e24bb0 VMThread "VM Thread"                           [id=3076, stack(0x000000c09a800000,0x000000c09a900000) (1024K)]
  0x00000207b4e09070 WatcherThread "VM Periodic Task Thread"        [id=37904, stack(0x000000c09a700000,0x000000c09a800000) (1024K)]
  0x00000207983a00c0 WorkerThread "GC Thread#0"                     [id=5132, stack(0x000000c09a200000,0x000000c09a300000) (1024K)]
  0x00000207ce4636b0 WorkerThread "GC Thread#1"                     [id=4032, stack(0x000000c09b300000,0x000000c09b400000) (1024K)]
  0x00000207ce74dae0 WorkerThread "GC Thread#2"                     [id=8220, stack(0x000000c09b400000,0x000000c09b500000) (1024K)]
  0x00000207ce6362a0 WorkerThread "GC Thread#3"                     [id=38292, stack(0x000000c09b500000,0x000000c09b600000) (1024K)]
  0x00000207ce636650 WorkerThread "GC Thread#4"                     [id=29120, stack(0x000000c09b600000,0x000000c09b700000) (1024K)]
  0x00000207ce62b800 WorkerThread "GC Thread#5"                     [id=39364, stack(0x000000c09b700000,0x000000c09b800000) (1024K)]
  0x00000207cf9fcf20 WorkerThread "GC Thread#6"                     [id=12292, stack(0x000000c09b900000,0x000000c09ba00000) (1024K)]
  0x00000207cf8f0b40 WorkerThread "GC Thread#7"                     [id=3268, stack(0x000000c09ba00000,0x000000c09bb00000) (1024K)]
  0x00000207983a4fc0 ConcurrentGCThread "G1 Main Marker"            [id=24252, stack(0x000000c09a300000,0x000000c09a400000) (1024K)]
  0x00000207983a59e0 WorkerThread "G1 Conc#0"                       [id=34928, stack(0x000000c09a400000,0x000000c09a500000) (1024K)]
  0x00000207b4cdb620 ConcurrentGCThread "G1 Refine#0"               [id=16908, stack(0x000000c09a500000,0x000000c09a600000) (1024K)]
  0x00000207b4cdc0b0 ConcurrentGCThread "G1 Service"                [id=34636, stack(0x000000c09a600000,0x000000c09a700000) (1024K)]
Total: 14

Threads with active compile tasks:
C2 CompilerThread0  23354 2702   !   4       java.lang.ClassLoader::loadClass (121 bytes)
C1 CompilerThread0  23354 2775   !   3       java.util.concurrent.locks.LockSupport::parkNanos (56 bytes)
Total: 2

VM state: not at safepoint (normal execution)

VM Mutex/Monitor currently owned by a thread:  ([mutex/lock_event])
[0x00007ffa8d0e9b38] Metaspace_lock - owner thread: 0x00000207cefbcbe0
[0x00007ffa8d0ea738] MethodCompileQueue_lock - owner thread: 0x00000207ce02c6c0
[0x00007ffa8d0ebab8] CodeCache_lock - owner thread: 0x00000207ce02c6c0
[0x00007ffa8d0ebc38] Compile_lock - owner thread: 0x00000207ce02c6c0

Heap address: 0x00000000e0000000, size: 512 MB, Compressed Oops mode: 32-bit

CDS archive(s) mapped at: [0x00000207b5000000-0x00000207b5c60000-0x00000207b5c60000), size 12976128, SharedBaseAddress: 0x00000207b5000000, ArchiveRelocationMode: 1.
Compressed class space mapped at: 0x00000207b6000000-0x00000207ca000000, reserved size: 335544320
Narrow klass base: 0x00000207b5000000, Narrow klass shift: 0, Narrow klass range: 0x15000000

GC Precious Log:
 CardTable entry size: 512
 Card Set container configuration: InlinePtr #cards 5 size 8 Array Of Cards #cards 12 size 40 Howl #buckets 4 coarsen threshold 1843 Howl Bitmap #cards 512 size 80 coarsen threshold 460 Card regions per heap region 1 cards per card region 2048
 CPUs: 8 total, 8 available
 Memory: 7900M
 Large Page Support: Disabled
 NUMA Support: Disabled
 Compressed Oops: Enabled (32-bit)
 Heap Region Size: 1M
 Heap Min Capacity: 256M
 Heap Initial Capacity: 256M
 Heap Max Capacity: 512M
 Pre-touch: Disabled
 Parallel Workers: 8
 Concurrent Workers: 2
 Concurrent Refinement Workers: 8
 Periodic GC: Disabled

Heap:
 garbage-first heap   total reserved 524288K, committed 262144K, used 62977K [0x00000000e0000000, 0x0000000100000000)
  region size 1024K, 50 young (51200K), 6 survivors (6144K)
 Metaspace       used 15261K, committed 15744K, reserved 393216K
  class space    used 2119K, committed 2368K, reserved 327680K

Heap Regions: E=young(eden), S=young(survivor), O=old, HS=humongous(starts), HC=humongous(continues), CS=collection set, F=free, TAMS=top-at-mark-start, PB=parsable bottom
|   0|0x00000000e0000000, 0x00000000e0100000, 0x00000000e0100000|100%| O|  |TAMS 0x00000000e0000000| PB 0x00000000e0000000| Untracked |  0
|   1|0x00000000e0100000, 0x00000000e0200000, 0x00000000e0200000|100%|HS|  |TAMS 0x00000000e0100000| PB 0x00000000e0100000| Complete |  0
|   2|0x00000000e0200000, 0x00000000e0300000, 0x00000000e0300000|100%|HC|  |TAMS 0x00000000e0200000| PB 0x00000000e0200000| Complete |  0
|   3|0x00000000e0300000, 0x00000000e0400000, 0x00000000e0400000|100%|HC|  |TAMS 0x00000000e0300000| PB 0x00000000e0300000| Complete |  0
|   4|0x00000000e0400000, 0x00000000e0500000, 0x00000000e0500000|100%| O|  |TAMS 0x00000000e0400000| PB 0x00000000e0400000| Untracked |  0
|   5|0x00000000e0500000, 0x00000000e0600000, 0x00000000e0600000|100%| O|  |TAMS 0x00000000e0500000| PB 0x00000000e0500000| Untracked |  0
|   6|0x00000000e0600000, 0x00000000e0700000, 0x00000000e0700000|100%| O|  |TAMS 0x00000000e0600000| PB 0x00000000e0600000| Untracked |  0
|   7|0x00000000e0700000, 0x00000000e0800000, 0x00000000e0800000|100%|HS|  |TAMS 0x00000000e0700000| PB 0x00000000e0700000| Complete |  0
|   8|0x00000000e0800000, 0x00000000e0800000, 0x00000000e0900000|  0%| F|  |TAMS 0x00000000e0800000| PB 0x00000000e0800000| Untracked |  0
|   9|0x00000000e0900000, 0x00000000e0a00000, 0x00000000e0a00000|100%| O|  |TAMS 0x00000000e0900000| PB 0x00000000e0900000| Untracked |  0
|  10|0x00000000e0a00000, 0x00000000e0b00000, 0x00000000e0b00000|100%| O|  |TAMS 0x00000000e0a00000| PB 0x00000000e0a00000| Untracked |  0
|  11|0x00000000e0b00000, 0x00000000e0c00000, 0x00000000e0c00000|100%| O|  |TAMS 0x00000000e0b00000| PB 0x00000000e0b00000| Untracked |  0
|  12|0x00000000e0c00000, 0x00000000e0d00000, 0x00000000e0d00000|100%| O|  |TAMS 0x00000000e0c00000| PB 0x00000000e0c00000| Untracked |  0
|  13|0x00000000e0d00000, 0x00000000e0d91a00, 0x00000000e0e00000| 56%| O|  |TAMS 0x00000000e0d00000| PB 0x00000000e0d00000| Untracked |  0
|  14|0x00000000e0e00000, 0x00000000e0e00000, 0x00000000e0f00000|  0%| F|  |TAMS 0x00000000e0e00000| PB 0x00000000e0e00000| Untracked |  0
|  15|0x00000000e0f00000, 0x00000000e0f00000, 0x00000000e1000000|  0%| F|  |TAMS 0x00000000e0f00000| PB 0x00000000e0f00000| Untracked |  0
|  16|0x00000000e1000000, 0x00000000e1000000, 0x00000000e1100000|  0%| F|  |TAMS 0x00000000e1000000| PB 0x00000000e1000000| Untracked |  0
|  17|0x00000000e1100000, 0x00000000e1100000, 0x00000000e1200000|  0%| F|  |TAMS 0x00000000e1100000| PB 0x00000000e1100000| Untracked |  0
|  18|0x00000000e1200000, 0x00000000e1200000, 0x00000000e1300000|  0%| F|  |TAMS 0x00000000e1200000| PB 0x00000000e1200000| Untracked |  0
|  19|0x00000000e1300000, 0x00000000e1300000, 0x00000000e1400000|  0%| F|  |TAMS 0x00000000e1300000| PB 0x00000000e1300000| Untracked |  0
|  20|0x00000000e1400000, 0x00000000e1400000, 0x00000000e1500000|  0%| F|  |TAMS 0x00000000e1400000| PB 0x00000000e1400000| Untracked |  0
|  21|0x00000000e1500000, 0x00000000e1500000, 0x00000000e1600000|  0%| F|  |TAMS 0x00000000e1500000| PB 0x00000000e1500000| Untracked |  0
|  22|0x00000000e1600000, 0x00000000e1600000, 0x00000000e1700000|  0%| F|  |TAMS 0x00000000e1600000| PB 0x00000000e1600000| Untracked |  0
|  23|0x00000000e1700000, 0x00000000e1700000, 0x00000000e1800000|  0%| F|  |TAMS 0x00000000e1700000| PB 0x00000000e1700000| Untracked |  0
|  24|0x00000000e1800000, 0x00000000e1800000, 0x00000000e1900000|  0%| F|  |TAMS 0x00000000e1800000| PB 0x00000000e1800000| Untracked |  0
|  25|0x00000000e1900000, 0x00000000e1900000, 0x00000000e1a00000|  0%| F|  |TAMS 0x00000000e1900000| PB 0x00000000e1900000| Untracked |  0
|  26|0x00000000e1a00000, 0x00000000e1a00000, 0x00000000e1b00000|  0%| F|  |TAMS 0x00000000e1a00000| PB 0x00000000e1a00000| Untracked |  0
|  27|0x00000000e1b00000, 0x00000000e1b00000, 0x00000000e1c00000|  0%| F|  |TAMS 0x00000000e1b00000| PB 0x00000000e1b00000| Untracked |  0
|  28|0x00000000e1c00000, 0x00000000e1c00000, 0x00000000e1d00000|  0%| F|  |TAMS 0x00000000e1c00000| PB 0x00000000e1c00000| Untracked |  0
|  29|0x00000000e1d00000, 0x00000000e1d00000, 0x00000000e1e00000|  0%| F|  |TAMS 0x00000000e1d00000| PB 0x00000000e1d00000| Untracked |  0
|  30|0x00000000e1e00000, 0x00000000e1e00000, 0x00000000e1f00000|  0%| F|  |TAMS 0x00000000e1e00000| PB 0x00000000e1e00000| Untracked |  0
|  31|0x00000000e1f00000, 0x00000000e1f00000, 0x00000000e2000000|  0%| F|  |TAMS 0x00000000e1f00000| PB 0x00000000e1f00000| Untracked |  0
|  32|0x00000000e2000000, 0x00000000e2000000, 0x00000000e2100000|  0%| F|  |TAMS 0x00000000e2000000| PB 0x00000000e2000000| Untracked |  0
|  33|0x00000000e2100000, 0x00000000e2100000, 0x00000000e2200000|  0%| F|  |TAMS 0x00000000e2100000| PB 0x00000000e2100000| Untracked |  0
|  34|0x00000000e2200000, 0x00000000e2200000, 0x00000000e2300000|  0%| F|  |TAMS 0x00000000e2200000| PB 0x00000000e2200000| Untracked |  0
|  35|0x00000000e2300000, 0x00000000e2300000, 0x00000000e2400000|  0%| F|  |TAMS 0x00000000e2300000| PB 0x00000000e2300000| Untracked |  0
|  36|0x00000000e2400000, 0x00000000e2400000, 0x00000000e2500000|  0%| F|  |TAMS 0x00000000e2400000| PB 0x00000000e2400000| Untracked |  0
|  37|0x00000000e2500000, 0x00000000e2500000, 0x00000000e2600000|  0%| F|  |TAMS 0x00000000e2500000| PB 0x00000000e2500000| Untracked |  0
|  38|0x00000000e2600000, 0x00000000e2600000, 0x00000000e2700000|  0%| F|  |TAMS 0x00000000e2600000| PB 0x00000000e2600000| Untracked |  0
|  39|0x00000000e2700000, 0x00000000e2700000, 0x00000000e2800000|  0%| F|  |TAMS 0x00000000e2700000| PB 0x00000000e2700000| Untracked |  0
|  40|0x00000000e2800000, 0x00000000e2800000, 0x00000000e2900000|  0%| F|  |TAMS 0x00000000e2800000| PB 0x00000000e2800000| Untracked |  0
|  41|0x00000000e2900000, 0x00000000e2900000, 0x00000000e2a00000|  0%| F|  |TAMS 0x00000000e2900000| PB 0x00000000e2900000| Untracked |  0
|  42|0x00000000e2a00000, 0x00000000e2a00000, 0x00000000e2b00000|  0%| F|  |TAMS 0x00000000e2a00000| PB 0x00000000e2a00000| Untracked |  0
|  43|0x00000000e2b00000, 0x00000000e2b00000, 0x00000000e2c00000|  0%| F|  |TAMS 0x00000000e2b00000| PB 0x00000000e2b00000| Untracked |  0
|  44|0x00000000e2c00000, 0x00000000e2c00000, 0x00000000e2d00000|  0%| F|  |TAMS 0x00000000e2c00000| PB 0x00000000e2c00000| Untracked |  0
|  45|0x00000000e2d00000, 0x00000000e2d00000, 0x00000000e2e00000|  0%| F|  |TAMS 0x00000000e2d00000| PB 0x00000000e2d00000| Untracked |  0
|  46|0x00000000e2e00000, 0x00000000e2e00000, 0x00000000e2f00000|  0%| F|  |TAMS 0x00000000e2e00000| PB 0x00000000e2e00000| Untracked |  0
|  47|0x00000000e2f00000, 0x00000000e2f00000, 0x00000000e3000000|  0%| F|  |TAMS 0x00000000e2f00000| PB 0x00000000e2f00000| Untracked |  0
|  48|0x00000000e3000000, 0x00000000e3000000, 0x00000000e3100000|  0%| F|  |TAMS 0x00000000e3000000| PB 0x00000000e3000000| Untracked |  0
|  49|0x00000000e3100000, 0x00000000e3100000, 0x00000000e3200000|  0%| F|  |TAMS 0x00000000e3100000| PB 0x00000000e3100000| Untracked |  0
|  50|0x00000000e3200000, 0x00000000e3200000, 0x00000000e3300000|  0%| F|  |TAMS 0x00000000e3200000| PB 0x00000000e3200000| Untracked |  0
|  51|0x00000000e3300000, 0x00000000e3300000, 0x00000000e3400000|  0%| F|  |TAMS 0x00000000e3300000| PB 0x00000000e3300000| Untracked |  0
|  52|0x00000000e3400000, 0x00000000e3400000, 0x00000000e3500000|  0%| F|  |TAMS 0x00000000e3400000| PB 0x00000000e3400000| Untracked |  0
|  53|0x00000000e3500000, 0x00000000e3500000, 0x00000000e3600000|  0%| F|  |TAMS 0x00000000e3500000| PB 0x00000000e3500000| Untracked |  0
|  54|0x00000000e3600000, 0x00000000e3600000, 0x00000000e3700000|  0%| F|  |TAMS 0x00000000e3600000| PB 0x00000000e3600000| Untracked |  0
|  55|0x00000000e3700000, 0x00000000e3700000, 0x00000000e3800000|  0%| F|  |TAMS 0x00000000e3700000| PB 0x00000000e3700000| Untracked |  0
|  56|0x00000000e3800000, 0x00000000e3800000, 0x00000000e3900000|  0%| F|  |TAMS 0x00000000e3800000| PB 0x00000000e3800000| Untracked |  0
|  57|0x00000000e3900000, 0x00000000e3900000, 0x00000000e3a00000|  0%| F|  |TAMS 0x00000000e3900000| PB 0x00000000e3900000| Untracked |  0
|  58|0x00000000e3a00000, 0x00000000e3a00000, 0x00000000e3b00000|  0%| F|  |TAMS 0x00000000e3a00000| PB 0x00000000e3a00000| Untracked |  0
|  59|0x00000000e3b00000, 0x00000000e3b00000, 0x00000000e3c00000|  0%| F|  |TAMS 0x00000000e3b00000| PB 0x00000000e3b00000| Untracked |  0
|  60|0x00000000e3c00000, 0x00000000e3c00000, 0x00000000e3d00000|  0%| F|  |TAMS 0x00000000e3c00000| PB 0x00000000e3c00000| Untracked |  0
|  61|0x00000000e3d00000, 0x00000000e3d00000, 0x00000000e3e00000|  0%| F|  |TAMS 0x00000000e3d00000| PB 0x00000000e3d00000| Untracked |  0
|  62|0x00000000e3e00000, 0x00000000e3e00000, 0x00000000e3f00000|  0%| F|  |TAMS 0x00000000e3e00000| PB 0x00000000e3e00000| Untracked |  0
|  63|0x00000000e3f00000, 0x00000000e3f00000, 0x00000000e4000000|  0%| F|  |TAMS 0x00000000e3f00000| PB 0x00000000e3f00000| Untracked |  0
|  64|0x00000000e4000000, 0x00000000e4000000, 0x00000000e4100000|  0%| F|  |TAMS 0x00000000e4000000| PB 0x00000000e4000000| Untracked |  0
|  65|0x00000000e4100000, 0x00000000e4100000, 0x00000000e4200000|  0%| F|  |TAMS 0x00000000e4100000| PB 0x00000000e4100000| Untracked |  0
|  66|0x00000000e4200000, 0x00000000e4200000, 0x00000000e4300000|  0%| F|  |TAMS 0x00000000e4200000| PB 0x00000000e4200000| Untracked |  0
|  67|0x00000000e4300000, 0x00000000e4300000, 0x00000000e4400000|  0%| F|  |TAMS 0x00000000e4300000| PB 0x00000000e4300000| Untracked |  0
|  68|0x00000000e4400000, 0x00000000e4400000, 0x00000000e4500000|  0%| F|  |TAMS 0x00000000e4400000| PB 0x00000000e4400000| Untracked |  0
|  69|0x00000000e4500000, 0x00000000e4500000, 0x00000000e4600000|  0%| F|  |TAMS 0x00000000e4500000| PB 0x00000000e4500000| Untracked |  0
|  70|0x00000000e4600000, 0x00000000e4600000, 0x00000000e4700000|  0%| F|  |TAMS 0x00000000e4600000| PB 0x00000000e4600000| Untracked |  0
|  71|0x00000000e4700000, 0x00000000e4700000, 0x00000000e4800000|  0%| F|  |TAMS 0x00000000e4700000| PB 0x00000000e4700000| Untracked |  0
|  72|0x00000000e4800000, 0x00000000e4800000, 0x00000000e4900000|  0%| F|  |TAMS 0x00000000e4800000| PB 0x00000000e4800000| Untracked |  0
|  73|0x00000000e4900000, 0x00000000e4900000, 0x00000000e4a00000|  0%| F|  |TAMS 0x00000000e4900000| PB 0x00000000e4900000| Untracked |  0
|  74|0x00000000e4a00000, 0x00000000e4a00000, 0x00000000e4b00000|  0%| F|  |TAMS 0x00000000e4a00000| PB 0x00000000e4a00000| Untracked |  0
|  75|0x00000000e4b00000, 0x00000000e4b00000, 0x00000000e4c00000|  0%| F|  |TAMS 0x00000000e4b00000| PB 0x00000000e4b00000| Untracked |  0
|  76|0x00000000e4c00000, 0x00000000e4c00000, 0x00000000e4d00000|  0%| F|  |TAMS 0x00000000e4c00000| PB 0x00000000e4c00000| Untracked |  0
|  77|0x00000000e4d00000, 0x00000000e4d00000, 0x00000000e4e00000|  0%| F|  |TAMS 0x00000000e4d00000| PB 0x00000000e4d00000| Untracked |  0
|  78|0x00000000e4e00000, 0x00000000e4e00000, 0x00000000e4f00000|  0%| F|  |TAMS 0x00000000e4e00000| PB 0x00000000e4e00000| Untracked |  0
|  79|0x00000000e4f00000, 0x00000000e4f00000, 0x00000000e5000000|  0%| F|  |TAMS 0x00000000e4f00000| PB 0x00000000e4f00000| Untracked |  0
|  80|0x00000000e5000000, 0x00000000e5000000, 0x00000000e5100000|  0%| F|  |TAMS 0x00000000e5000000| PB 0x00000000e5000000| Untracked |  0
|  81|0x00000000e5100000, 0x00000000e5100000, 0x00000000e5200000|  0%| F|  |TAMS 0x00000000e5100000| PB 0x00000000e5100000| Untracked |  0
|  82|0x00000000e5200000, 0x00000000e5200000, 0x00000000e5300000|  0%| F|  |TAMS 0x00000000e5200000| PB 0x00000000e5200000| Untracked |  0
|  83|0x00000000e5300000, 0x00000000e5300000, 0x00000000e5400000|  0%| F|  |TAMS 0x00000000e5300000| PB 0x00000000e5300000| Untracked |  0
|  84|0x00000000e5400000, 0x00000000e5400000, 0x00000000e5500000|  0%| F|  |TAMS 0x00000000e5400000| PB 0x00000000e5400000| Untracked |  0
|  85|0x00000000e5500000, 0x00000000e5500000, 0x00000000e5600000|  0%| F|  |TAMS 0x00000000e5500000| PB 0x00000000e5500000| Untracked |  0
|  86|0x00000000e5600000, 0x00000000e5600000, 0x00000000e5700000|  0%| F|  |TAMS 0x00000000e5600000| PB 0x00000000e5600000| Untracked |  0
|  87|0x00000000e5700000, 0x00000000e5700000, 0x00000000e5800000|  0%| F|  |TAMS 0x00000000e5700000| PB 0x00000000e5700000| Untracked |  0
|  88|0x00000000e5800000, 0x00000000e5800000, 0x00000000e5900000|  0%| F|  |TAMS 0x00000000e5800000| PB 0x00000000e5800000| Untracked |  0
|  89|0x00000000e5900000, 0x00000000e5900000, 0x00000000e5a00000|  0%| F|  |TAMS 0x00000000e5900000| PB 0x00000000e5900000| Untracked |  0
|  90|0x00000000e5a00000, 0x00000000e5a00000, 0x00000000e5b00000|  0%| F|  |TAMS 0x00000000e5a00000| PB 0x00000000e5a00000| Untracked |  0
|  91|0x00000000e5b00000, 0x00000000e5b00000, 0x00000000e5c00000|  0%| F|  |TAMS 0x00000000e5b00000| PB 0x00000000e5b00000| Untracked |  0
|  92|0x00000000e5c00000, 0x00000000e5c00000, 0x00000000e5d00000|  0%| F|  |TAMS 0x00000000e5c00000| PB 0x00000000e5c00000| Untracked |  0
|  93|0x00000000e5d00000, 0x00000000e5d00000, 0x00000000e5e00000|  0%| F|  |TAMS 0x00000000e5d00000| PB 0x00000000e5d00000| Untracked |  0
|  94|0x00000000e5e00000, 0x00000000e5e00000, 0x00000000e5f00000|  0%| F|  |TAMS 0x00000000e5e00000| PB 0x00000000e5e00000| Untracked |  0
|  95|0x00000000e5f00000, 0x00000000e5f00000, 0x00000000e6000000|  0%| F|  |TAMS 0x00000000e5f00000| PB 0x00000000e5f00000| Untracked |  0
|  96|0x00000000e6000000, 0x00000000e6000000, 0x00000000e6100000|  0%| F|  |TAMS 0x00000000e6000000| PB 0x00000000e6000000| Untracked |  0
|  97|0x00000000e6100000, 0x00000000e6100000, 0x00000000e6200000|  0%| F|  |TAMS 0x00000000e6100000| PB 0x00000000e6100000| Untracked |  0
|  98|0x00000000e6200000, 0x00000000e6200000, 0x00000000e6300000|  0%| F|  |TAMS 0x00000000e6200000| PB 0x00000000e6200000| Untracked |  0
|  99|0x00000000e6300000, 0x00000000e6300000, 0x00000000e6400000|  0%| F|  |TAMS 0x00000000e6300000| PB 0x00000000e6300000| Untracked |  0
| 100|0x00000000e6400000, 0x00000000e6400000, 0x00000000e6500000|  0%| F|  |TAMS 0x00000000e6400000| PB 0x00000000e6400000| Untracked |  0
| 101|0x00000000e6500000, 0x00000000e6500000, 0x00000000e6600000|  0%| F|  |TAMS 0x00000000e6500000| PB 0x00000000e6500000| Untracked |  0
| 102|0x00000000e6600000, 0x00000000e6600000, 0x00000000e6700000|  0%| F|  |TAMS 0x00000000e6600000| PB 0x00000000e6600000| Untracked |  0
| 103|0x00000000e6700000, 0x00000000e6700000, 0x00000000e6800000|  0%| F|  |TAMS 0x00000000e6700000| PB 0x00000000e6700000| Untracked |  0
| 104|0x00000000e6800000, 0x00000000e6800000, 0x00000000e6900000|  0%| F|  |TAMS 0x00000000e6800000| PB 0x00000000e6800000| Untracked |  0
| 105|0x00000000e6900000, 0x00000000e6900000, 0x00000000e6a00000|  0%| F|  |TAMS 0x00000000e6900000| PB 0x00000000e6900000| Untracked |  0
| 106|0x00000000e6a00000, 0x00000000e6a00000, 0x00000000e6b00000|  0%| F|  |TAMS 0x00000000e6a00000| PB 0x00000000e6a00000| Untracked |  0
| 107|0x00000000e6b00000, 0x00000000e6b00000, 0x00000000e6c00000|  0%| F|  |TAMS 0x00000000e6b00000| PB 0x00000000e6b00000| Untracked |  0
| 108|0x00000000e6c00000, 0x00000000e6c00000, 0x00000000e6d00000|  0%| F|  |TAMS 0x00000000e6c00000| PB 0x00000000e6c00000| Untracked |  0
| 109|0x00000000e6d00000, 0x00000000e6d00000, 0x00000000e6e00000|  0%| F|  |TAMS 0x00000000e6d00000| PB 0x00000000e6d00000| Untracked |  0
| 110|0x00000000e6e00000, 0x00000000e6e00000, 0x00000000e6f00000|  0%| F|  |TAMS 0x00000000e6e00000| PB 0x00000000e6e00000| Untracked |  0
| 111|0x00000000e6f00000, 0x00000000e6f00000, 0x00000000e7000000|  0%| F|  |TAMS 0x00000000e6f00000| PB 0x00000000e6f00000| Untracked |  0
| 112|0x00000000e7000000, 0x00000000e7000000, 0x00000000e7100000|  0%| F|  |TAMS 0x00000000e7000000| PB 0x00000000e7000000| Untracked |  0
| 113|0x00000000e7100000, 0x00000000e7100000, 0x00000000e7200000|  0%| F|  |TAMS 0x00000000e7100000| PB 0x00000000e7100000| Untracked |  0
| 114|0x00000000e7200000, 0x00000000e7200000, 0x00000000e7300000|  0%| F|  |TAMS 0x00000000e7200000| PB 0x00000000e7200000| Untracked |  0
| 115|0x00000000e7300000, 0x00000000e7300000, 0x00000000e7400000|  0%| F|  |TAMS 0x00000000e7300000| PB 0x00000000e7300000| Untracked |  0
| 116|0x00000000e7400000, 0x00000000e7400000, 0x00000000e7500000|  0%| F|  |TAMS 0x00000000e7400000| PB 0x00000000e7400000| Untracked |  0
| 117|0x00000000e7500000, 0x00000000e7500000, 0x00000000e7600000|  0%| F|  |TAMS 0x00000000e7500000| PB 0x00000000e7500000| Untracked |  0
| 118|0x00000000e7600000, 0x00000000e7600000, 0x00000000e7700000|  0%| F|  |TAMS 0x00000000e7600000| PB 0x00000000e7600000| Untracked |  0
| 119|0x00000000e7700000, 0x00000000e7700000, 0x00000000e7800000|  0%| F|  |TAMS 0x00000000e7700000| PB 0x00000000e7700000| Untracked |  0
| 120|0x00000000e7800000, 0x00000000e7800000, 0x00000000e7900000|  0%| F|  |TAMS 0x00000000e7800000| PB 0x00000000e7800000| Untracked |  0
| 121|0x00000000e7900000, 0x00000000e7900000, 0x00000000e7a00000|  0%| F|  |TAMS 0x00000000e7900000| PB 0x00000000e7900000| Untracked |  0
| 122|0x00000000e7a00000, 0x00000000e7a00000, 0x00000000e7b00000|  0%| F|  |TAMS 0x00000000e7a00000| PB 0x00000000e7a00000| Untracked |  0
| 123|0x00000000e7b00000, 0x00000000e7b00000, 0x00000000e7c00000|  0%| F|  |TAMS 0x00000000e7b00000| PB 0x00000000e7b00000| Untracked |  0
| 124|0x00000000e7c00000, 0x00000000e7c00000, 0x00000000e7d00000|  0%| F|  |TAMS 0x00000000e7c00000| PB 0x00000000e7c00000| Untracked |  0
| 125|0x00000000e7d00000, 0x00000000e7d00000, 0x00000000e7e00000|  0%| F|  |TAMS 0x00000000e7d00000| PB 0x00000000e7d00000| Untracked |  0
| 126|0x00000000e7e00000, 0x00000000e7e00000, 0x00000000e7f00000|  0%| F|  |TAMS 0x00000000e7e00000| PB 0x00000000e7e00000| Untracked |  0
| 127|0x00000000e7f00000, 0x00000000e7f00000, 0x00000000e8000000|  0%| F|  |TAMS 0x00000000e7f00000| PB 0x00000000e7f00000| Untracked |  0
| 128|0x00000000e8000000, 0x00000000e8000000, 0x00000000e8100000|  0%| F|  |TAMS 0x00000000e8000000| PB 0x00000000e8000000| Untracked |  0
| 129|0x00000000e8100000, 0x00000000e8100000, 0x00000000e8200000|  0%| F|  |TAMS 0x00000000e8100000| PB 0x00000000e8100000| Untracked |  0
| 130|0x00000000e8200000, 0x00000000e8200000, 0x00000000e8300000|  0%| F|  |TAMS 0x00000000e8200000| PB 0x00000000e8200000| Untracked |  0
| 131|0x00000000e8300000, 0x00000000e8300000, 0x00000000e8400000|  0%| F|  |TAMS 0x00000000e8300000| PB 0x00000000e8300000| Untracked |  0
| 132|0x00000000e8400000, 0x00000000e8400000, 0x00000000e8500000|  0%| F|  |TAMS 0x00000000e8400000| PB 0x00000000e8400000| Untracked |  0
| 133|0x00000000e8500000, 0x00000000e8500000, 0x00000000e8600000|  0%| F|  |TAMS 0x00000000e8500000| PB 0x00000000e8500000| Untracked |  0
| 134|0x00000000e8600000, 0x00000000e8600000, 0x00000000e8700000|  0%| F|  |TAMS 0x00000000e8600000| PB 0x00000000e8600000| Untracked |  0
| 135|0x00000000e8700000, 0x00000000e8700000, 0x00000000e8800000|  0%| F|  |TAMS 0x00000000e8700000| PB 0x00000000e8700000| Untracked |  0
| 136|0x00000000e8800000, 0x00000000e8800000, 0x00000000e8900000|  0%| F|  |TAMS 0x00000000e8800000| PB 0x00000000e8800000| Untracked |  0
| 137|0x00000000e8900000, 0x00000000e8900000, 0x00000000e8a00000|  0%| F|  |TAMS 0x00000000e8900000| PB 0x00000000e8900000| Untracked |  0
| 138|0x00000000e8a00000, 0x00000000e8a00000, 0x00000000e8b00000|  0%| F|  |TAMS 0x00000000e8a00000| PB 0x00000000e8a00000| Untracked |  0
| 139|0x00000000e8b00000, 0x00000000e8b00000, 0x00000000e8c00000|  0%| F|  |TAMS 0x00000000e8b00000| PB 0x00000000e8b00000| Untracked |  0
| 140|0x00000000e8c00000, 0x00000000e8c00000, 0x00000000e8d00000|  0%| F|  |TAMS 0x00000000e8c00000| PB 0x00000000e8c00000| Untracked |  0
| 141|0x00000000e8d00000, 0x00000000e8d00000, 0x00000000e8e00000|  0%| F|  |TAMS 0x00000000e8d00000| PB 0x00000000e8d00000| Untracked |  0
| 142|0x00000000e8e00000, 0x00000000e8e00000, 0x00000000e8f00000|  0%| F|  |TAMS 0x00000000e8e00000| PB 0x00000000e8e00000| Untracked |  0
| 143|0x00000000e8f00000, 0x00000000e8f00000, 0x00000000e9000000|  0%| F|  |TAMS 0x00000000e8f00000| PB 0x00000000e8f00000| Untracked |  0
| 144|0x00000000e9000000, 0x00000000e9000000, 0x00000000e9100000|  0%| F|  |TAMS 0x00000000e9000000| PB 0x00000000e9000000| Untracked |  0
| 145|0x00000000e9100000, 0x00000000e9100000, 0x00000000e9200000|  0%| F|  |TAMS 0x00000000e9100000| PB 0x00000000e9100000| Untracked |  0
| 146|0x00000000e9200000, 0x00000000e9200000, 0x00000000e9300000|  0%| F|  |TAMS 0x00000000e9200000| PB 0x00000000e9200000| Untracked |  0
| 147|0x00000000e9300000, 0x00000000e9300000, 0x00000000e9400000|  0%| F|  |TAMS 0x00000000e9300000| PB 0x00000000e9300000| Untracked |  0
| 148|0x00000000e9400000, 0x00000000e9400000, 0x00000000e9500000|  0%| F|  |TAMS 0x00000000e9400000| PB 0x00000000e9400000| Untracked |  0
| 149|0x00000000e9500000, 0x00000000e9500000, 0x00000000e9600000|  0%| F|  |TAMS 0x00000000e9500000| PB 0x00000000e9500000| Untracked |  0
| 150|0x00000000e9600000, 0x00000000e9600000, 0x00000000e9700000|  0%| F|  |TAMS 0x00000000e9600000| PB 0x00000000e9600000| Untracked |  0
| 151|0x00000000e9700000, 0x00000000e9700000, 0x00000000e9800000|  0%| F|  |TAMS 0x00000000e9700000| PB 0x00000000e9700000| Untracked |  0
| 152|0x00000000e9800000, 0x00000000e9800000, 0x00000000e9900000|  0%| F|  |TAMS 0x00000000e9800000| PB 0x00000000e9800000| Untracked |  0
| 153|0x00000000e9900000, 0x00000000e9900000, 0x00000000e9a00000|  0%| F|  |TAMS 0x00000000e9900000| PB 0x00000000e9900000| Untracked |  0
| 154|0x00000000e9a00000, 0x00000000e9a00000, 0x00000000e9b00000|  0%| F|  |TAMS 0x00000000e9a00000| PB 0x00000000e9a00000| Untracked |  0
| 155|0x00000000e9b00000, 0x00000000e9b00000, 0x00000000e9c00000|  0%| F|  |TAMS 0x00000000e9b00000| PB 0x00000000e9b00000| Untracked |  0
| 156|0x00000000e9c00000, 0x00000000e9c00000, 0x00000000e9d00000|  0%| F|  |TAMS 0x00000000e9c00000| PB 0x00000000e9c00000| Untracked |  0
| 157|0x00000000e9d00000, 0x00000000e9d00000, 0x00000000e9e00000|  0%| F|  |TAMS 0x00000000e9d00000| PB 0x00000000e9d00000| Untracked |  0
| 158|0x00000000e9e00000, 0x00000000e9e00000, 0x00000000e9f00000|  0%| F|  |TAMS 0x00000000e9e00000| PB 0x00000000e9e00000| Untracked |  0
| 159|0x00000000e9f00000, 0x00000000e9f00000, 0x00000000ea000000|  0%| F|  |TAMS 0x00000000e9f00000| PB 0x00000000e9f00000| Untracked |  0
| 160|0x00000000ea000000, 0x00000000ea000000, 0x00000000ea100000|  0%| F|  |TAMS 0x00000000ea000000| PB 0x00000000ea000000| Untracked |  0
| 161|0x00000000ea100000, 0x00000000ea100000, 0x00000000ea200000|  0%| F|  |TAMS 0x00000000ea100000| PB 0x00000000ea100000| Untracked |  0
| 162|0x00000000ea200000, 0x00000000ea200000, 0x00000000ea300000|  0%| F|  |TAMS 0x00000000ea200000| PB 0x00000000ea200000| Untracked |  0
| 163|0x00000000ea300000, 0x00000000ea300000, 0x00000000ea400000|  0%| F|  |TAMS 0x00000000ea300000| PB 0x00000000ea300000| Untracked |  0
| 164|0x00000000ea400000, 0x00000000ea400000, 0x00000000ea500000|  0%| F|  |TAMS 0x00000000ea400000| PB 0x00000000ea400000| Untracked |  0
| 165|0x00000000ea500000, 0x00000000ea500000, 0x00000000ea600000|  0%| F|  |TAMS 0x00000000ea500000| PB 0x00000000ea500000| Untracked |  0
| 166|0x00000000ea600000, 0x00000000ea600000, 0x00000000ea700000|  0%| F|  |TAMS 0x00000000ea600000| PB 0x00000000ea600000| Untracked |  0
| 167|0x00000000ea700000, 0x00000000ea700000, 0x00000000ea800000|  0%| F|  |TAMS 0x00000000ea700000| PB 0x00000000ea700000| Untracked |  0
| 168|0x00000000ea800000, 0x00000000ea800000, 0x00000000ea900000|  0%| F|  |TAMS 0x00000000ea800000| PB 0x00000000ea800000| Untracked |  0
| 169|0x00000000ea900000, 0x00000000ea900000, 0x00000000eaa00000|  0%| F|  |TAMS 0x00000000ea900000| PB 0x00000000ea900000| Untracked |  0
| 170|0x00000000eaa00000, 0x00000000eaa00000, 0x00000000eab00000|  0%| F|  |TAMS 0x00000000eaa00000| PB 0x00000000eaa00000| Untracked |  0
| 171|0x00000000eab00000, 0x00000000eab00000, 0x00000000eac00000|  0%| F|  |TAMS 0x00000000eab00000| PB 0x00000000eab00000| Untracked |  0
| 172|0x00000000eac00000, 0x00000000eac00000, 0x00000000ead00000|  0%| F|  |TAMS 0x00000000eac00000| PB 0x00000000eac00000| Untracked |  0
| 173|0x00000000ead00000, 0x00000000ead00000, 0x00000000eae00000|  0%| F|  |TAMS 0x00000000ead00000| PB 0x00000000ead00000| Untracked |  0
| 174|0x00000000eae00000, 0x00000000eae00000, 0x00000000eaf00000|  0%| F|  |TAMS 0x00000000eae00000| PB 0x00000000eae00000| Untracked |  0
| 175|0x00000000eaf00000, 0x00000000eaf00000, 0x00000000eb000000|  0%| F|  |TAMS 0x00000000eaf00000| PB 0x00000000eaf00000| Untracked |  0
| 176|0x00000000eb000000, 0x00000000eb000000, 0x00000000eb100000|  0%| F|  |TAMS 0x00000000eb000000| PB 0x00000000eb000000| Untracked |  0
| 177|0x00000000eb100000, 0x00000000eb100000, 0x00000000eb200000|  0%| F|  |TAMS 0x00000000eb100000| PB 0x00000000eb100000| Untracked |  0
| 178|0x00000000eb200000, 0x00000000eb200000, 0x00000000eb300000|  0%| F|  |TAMS 0x00000000eb200000| PB 0x00000000eb200000| Untracked |  0
| 179|0x00000000eb300000, 0x00000000eb300000, 0x00000000eb400000|  0%| F|  |TAMS 0x00000000eb300000| PB 0x00000000eb300000| Untracked |  0
| 180|0x00000000eb400000, 0x00000000eb400000, 0x00000000eb500000|  0%| F|  |TAMS 0x00000000eb400000| PB 0x00000000eb400000| Untracked |  0
| 181|0x00000000eb500000, 0x00000000eb500000, 0x00000000eb600000|  0%| F|  |TAMS 0x00000000eb500000| PB 0x00000000eb500000| Untracked |  0
| 182|0x00000000eb600000, 0x00000000eb600000, 0x00000000eb700000|  0%| F|  |TAMS 0x00000000eb600000| PB 0x00000000eb600000| Untracked |  0
| 183|0x00000000eb700000, 0x00000000eb700000, 0x00000000eb800000|  0%| F|  |TAMS 0x00000000eb700000| PB 0x00000000eb700000| Untracked |  0
| 184|0x00000000eb800000, 0x00000000eb800000, 0x00000000eb900000|  0%| F|  |TAMS 0x00000000eb800000| PB 0x00000000eb800000| Untracked |  0
| 185|0x00000000eb900000, 0x00000000eb900000, 0x00000000eba00000|  0%| F|  |TAMS 0x00000000eb900000| PB 0x00000000eb900000| Untracked |  0
| 186|0x00000000eba00000, 0x00000000eba00000, 0x00000000ebb00000|  0%| F|  |TAMS 0x00000000eba00000| PB 0x00000000eba00000| Untracked |  0
| 187|0x00000000ebb00000, 0x00000000ebb00000, 0x00000000ebc00000|  0%| F|  |TAMS 0x00000000ebb00000| PB 0x00000000ebb00000| Untracked |  0
| 188|0x00000000ebc00000, 0x00000000ebc00000, 0x00000000ebd00000|  0%| F|  |TAMS 0x00000000ebc00000| PB 0x00000000ebc00000| Untracked |  0
| 189|0x00000000ebd00000, 0x00000000ebd00000, 0x00000000ebe00000|  0%| F|  |TAMS 0x00000000ebd00000| PB 0x00000000ebd00000| Untracked |  0
| 190|0x00000000ebe00000, 0x00000000ebe00000, 0x00000000ebf00000|  0%| F|  |TAMS 0x00000000ebe00000| PB 0x00000000ebe00000| Untracked |  0
| 191|0x00000000ebf00000, 0x00000000ebf00000, 0x00000000ec000000|  0%| F|  |TAMS 0x00000000ebf00000| PB 0x00000000ebf00000| Untracked |  0
| 192|0x00000000ec000000, 0x00000000ec000000, 0x00000000ec100000|  0%| F|  |TAMS 0x00000000ec000000| PB 0x00000000ec000000| Untracked |  0
| 193|0x00000000ec100000, 0x00000000ec100000, 0x00000000ec200000|  0%| F|  |TAMS 0x00000000ec100000| PB 0x00000000ec100000| Untracked |  0
| 194|0x00000000ec200000, 0x00000000ec200000, 0x00000000ec300000|  0%| F|  |TAMS 0x00000000ec200000| PB 0x00000000ec200000| Untracked |  0
| 195|0x00000000ec300000, 0x00000000ec300000, 0x00000000ec400000|  0%| F|  |TAMS 0x00000000ec300000| PB 0x00000000ec300000| Untracked |  0
| 196|0x00000000ec400000, 0x00000000ec400000, 0x00000000ec500000|  0%| F|  |TAMS 0x00000000ec400000| PB 0x00000000ec400000| Untracked |  0
| 197|0x00000000ec500000, 0x00000000ec500000, 0x00000000ec600000|  0%| F|  |TAMS 0x00000000ec500000| PB 0x00000000ec500000| Untracked |  0
| 198|0x00000000ec600000, 0x00000000ec6eeb28, 0x00000000ec700000| 93%| S|CS|TAMS 0x00000000ec600000| PB 0x00000000ec600000| Complete |  0
| 199|0x00000000ec700000, 0x00000000ec800000, 0x00000000ec800000|100%| S|CS|TAMS 0x00000000ec700000| PB 0x00000000ec700000| Complete |  0
| 200|0x00000000ec800000, 0x00000000ec900000, 0x00000000ec900000|100%| S|CS|TAMS 0x00000000ec800000| PB 0x00000000ec800000| Complete |  0
| 201|0x00000000ec900000, 0x00000000eca00000, 0x00000000eca00000|100%| S|CS|TAMS 0x00000000ec900000| PB 0x00000000ec900000| Complete |  0
| 202|0x00000000eca00000, 0x00000000ecb00000, 0x00000000ecb00000|100%| S|CS|TAMS 0x00000000eca00000| PB 0x00000000eca00000| Complete |  0
| 203|0x00000000ecb00000, 0x00000000ecc00000, 0x00000000ecc00000|100%| S|CS|TAMS 0x00000000ecb00000| PB 0x00000000ecb00000| Complete |  0
| 204|0x00000000ecc00000, 0x00000000ecc00000, 0x00000000ecd00000|  0%| F|  |TAMS 0x00000000ecc00000| PB 0x00000000ecc00000| Untracked |  0
| 205|0x00000000ecd00000, 0x00000000ecd00000, 0x00000000ece00000|  0%| F|  |TAMS 0x00000000ecd00000| PB 0x00000000ecd00000| Untracked |  0
| 206|0x00000000ece00000, 0x00000000ece00000, 0x00000000ecf00000|  0%| F|  |TAMS 0x00000000ece00000| PB 0x00000000ece00000| Untracked |  0
| 207|0x00000000ecf00000, 0x00000000ecf00000, 0x00000000ed000000|  0%| F|  |TAMS 0x00000000ecf00000| PB 0x00000000ecf00000| Untracked |  0
| 208|0x00000000ed000000, 0x00000000ed000000, 0x00000000ed100000|  0%| F|  |TAMS 0x00000000ed000000| PB 0x00000000ed000000| Untracked |  0
| 209|0x00000000ed100000, 0x00000000ed100000, 0x00000000ed200000|  0%| F|  |TAMS 0x00000000ed100000| PB 0x00000000ed100000| Untracked |  0
| 210|0x00000000ed200000, 0x00000000ed200000, 0x00000000ed300000|  0%| F|  |TAMS 0x00000000ed200000| PB 0x00000000ed200000| Untracked |  0
| 211|0x00000000ed300000, 0x00000000ed300000, 0x00000000ed400000|  0%| F|  |TAMS 0x00000000ed300000| PB 0x00000000ed300000| Untracked |  0
| 212|0x00000000ed400000, 0x00000000ed500000, 0x00000000ed500000|100%| E|  |TAMS 0x00000000ed400000| PB 0x00000000ed400000| Complete |  0
| 213|0x00000000ed500000, 0x00000000ed600000, 0x00000000ed600000|100%| E|CS|TAMS 0x00000000ed500000| PB 0x00000000ed500000| Complete |  0
| 214|0x00000000ed600000, 0x00000000ed700000, 0x00000000ed700000|100%| E|CS|TAMS 0x00000000ed600000| PB 0x00000000ed600000| Complete |  0
| 215|0x00000000ed700000, 0x00000000ed800000, 0x00000000ed800000|100%| E|CS|TAMS 0x00000000ed700000| PB 0x00000000ed700000| Complete |  0
| 216|0x00000000ed800000, 0x00000000ed900000, 0x00000000ed900000|100%| E|CS|TAMS 0x00000000ed800000| PB 0x00000000ed800000| Complete |  0
| 217|0x00000000ed900000, 0x00000000eda00000, 0x00000000eda00000|100%| E|CS|TAMS 0x00000000ed900000| PB 0x00000000ed900000| Complete |  0
| 218|0x00000000eda00000, 0x00000000edb00000, 0x00000000edb00000|100%| E|CS|TAMS 0x00000000eda00000| PB 0x00000000eda00000| Complete |  0
| 219|0x00000000edb00000, 0x00000000edc00000, 0x00000000edc00000|100%| E|CS|TAMS 0x00000000edb00000| PB 0x00000000edb00000| Complete |  0
| 220|0x00000000edc00000, 0x00000000edd00000, 0x00000000edd00000|100%| E|CS|TAMS 0x00000000edc00000| PB 0x00000000edc00000| Complete |  0
| 221|0x00000000edd00000, 0x00000000ede00000, 0x00000000ede00000|100%| E|CS|TAMS 0x00000000edd00000| PB 0x00000000edd00000| Complete |  0
| 222|0x00000000ede00000, 0x00000000edf00000, 0x00000000edf00000|100%| E|CS|TAMS 0x00000000ede00000| PB 0x00000000ede00000| Complete |  0
| 223|0x00000000edf00000, 0x00000000ee000000, 0x00000000ee000000|100%| E|CS|TAMS 0x00000000edf00000| PB 0x00000000edf00000| Complete |  0
| 224|0x00000000ee000000, 0x00000000ee100000, 0x00000000ee100000|100%| E|CS|TAMS 0x00000000ee000000| PB 0x00000000ee000000| Complete |  0
| 225|0x00000000ee100000, 0x00000000ee200000, 0x00000000ee200000|100%| E|CS|TAMS 0x00000000ee100000| PB 0x00000000ee100000| Complete |  0
| 226|0x00000000ee200000, 0x00000000ee300000, 0x00000000ee300000|100%| E|CS|TAMS 0x00000000ee200000| PB 0x00000000ee200000| Complete |  0
| 227|0x00000000ee300000, 0x00000000ee400000, 0x00000000ee400000|100%| E|CS|TAMS 0x00000000ee300000| PB 0x00000000ee300000| Complete |  0
| 228|0x00000000ee400000, 0x00000000ee500000, 0x00000000ee500000|100%| E|CS|TAMS 0x00000000ee400000| PB 0x00000000ee400000| Complete |  0
| 229|0x00000000ee500000, 0x00000000ee600000, 0x00000000ee600000|100%| E|CS|TAMS 0x00000000ee500000| PB 0x00000000ee500000| Complete |  0
| 230|0x00000000ee600000, 0x00000000ee700000, 0x00000000ee700000|100%| E|CS|TAMS 0x00000000ee600000| PB 0x00000000ee600000| Complete |  0
| 231|0x00000000ee700000, 0x00000000ee800000, 0x00000000ee800000|100%| E|CS|TAMS 0x00000000ee700000| PB 0x00000000ee700000| Complete |  0
| 232|0x00000000ee800000, 0x00000000ee900000, 0x00000000ee900000|100%| E|CS|TAMS 0x00000000ee800000| PB 0x00000000ee800000| Complete |  0
| 233|0x00000000ee900000, 0x00000000eea00000, 0x00000000eea00000|100%| E|CS|TAMS 0x00000000ee900000| PB 0x00000000ee900000| Complete |  0
| 234|0x00000000eea00000, 0x00000000eeb00000, 0x00000000eeb00000|100%| E|CS|TAMS 0x00000000eea00000| PB 0x00000000eea00000| Complete |  0
| 235|0x00000000eeb00000, 0x00000000eec00000, 0x00000000eec00000|100%| E|CS|TAMS 0x00000000eeb00000| PB 0x00000000eeb00000| Complete |  0
| 236|0x00000000eec00000, 0x00000000eed00000, 0x00000000eed00000|100%| E|CS|TAMS 0x00000000eec00000| PB 0x00000000eec00000| Complete |  0
| 237|0x00000000eed00000, 0x00000000eee00000, 0x00000000eee00000|100%| E|CS|TAMS 0x00000000eed00000| PB 0x00000000eed00000| Complete |  0
| 238|0x00000000eee00000, 0x00000000eef00000, 0x00000000eef00000|100%| E|CS|TAMS 0x00000000eee00000| PB 0x00000000eee00000| Complete |  0
| 239|0x00000000eef00000, 0x00000000ef000000, 0x00000000ef000000|100%| E|CS|TAMS 0x00000000eef00000| PB 0x00000000eef00000| Complete |  0
| 240|0x00000000ef000000, 0x00000000ef100000, 0x00000000ef100000|100%| E|CS|TAMS 0x00000000ef000000| PB 0x00000000ef000000| Complete |  0
| 241|0x00000000ef100000, 0x00000000ef200000, 0x00000000ef200000|100%| E|CS|TAMS 0x00000000ef100000| PB 0x00000000ef100000| Complete |  0
| 242|0x00000000ef200000, 0x00000000ef300000, 0x00000000ef300000|100%| E|CS|TAMS 0x00000000ef200000| PB 0x00000000ef200000| Complete |  0
| 243|0x00000000ef300000, 0x00000000ef400000, 0x00000000ef400000|100%| E|CS|TAMS 0x00000000ef300000| PB 0x00000000ef300000| Complete |  0
| 244|0x00000000ef400000, 0x00000000ef500000, 0x00000000ef500000|100%| E|CS|TAMS 0x00000000ef400000| PB 0x00000000ef400000| Complete |  0
| 245|0x00000000ef500000, 0x00000000ef600000, 0x00000000ef600000|100%| E|CS|TAMS 0x00000000ef500000| PB 0x00000000ef500000| Complete |  0
| 246|0x00000000ef600000, 0x00000000ef700000, 0x00000000ef700000|100%| E|CS|TAMS 0x00000000ef600000| PB 0x00000000ef600000| Complete |  0
| 247|0x00000000ef700000, 0x00000000ef800000, 0x00000000ef800000|100%| E|CS|TAMS 0x00000000ef700000| PB 0x00000000ef700000| Complete |  0
| 248|0x00000000ef800000, 0x00000000ef900000, 0x00000000ef900000|100%| E|CS|TAMS 0x00000000ef800000| PB 0x00000000ef800000| Complete |  0
| 249|0x00000000ef900000, 0x00000000efa00000, 0x00000000efa00000|100%| E|CS|TAMS 0x00000000ef900000| PB 0x00000000ef900000| Complete |  0
| 250|0x00000000efa00000, 0x00000000efb00000, 0x00000000efb00000|100%| E|CS|TAMS 0x00000000efa00000| PB 0x00000000efa00000| Complete |  0
| 251|0x00000000efb00000, 0x00000000efc00000, 0x00000000efc00000|100%| E|CS|TAMS 0x00000000efb00000| PB 0x00000000efb00000| Complete |  0
| 252|0x00000000efc00000, 0x00000000efd00000, 0x00000000efd00000|100%| E|CS|TAMS 0x00000000efc00000| PB 0x00000000efc00000| Complete |  0
| 253|0x00000000efd00000, 0x00000000efe00000, 0x00000000efe00000|100%| E|CS|TAMS 0x00000000efd00000| PB 0x00000000efd00000| Complete |  0
| 254|0x00000000efe00000, 0x00000000eff00000, 0x00000000eff00000|100%| E|CS|TAMS 0x00000000efe00000| PB 0x00000000efe00000| Complete |  0
| 255|0x00000000eff00000, 0x00000000f0000000, 0x00000000f0000000|100%| E|CS|TAMS 0x00000000eff00000| PB 0x00000000eff00000| Complete |  0

Card table byte_map: [0x00000207b1ab0000,0x00000207b1bb0000] _byte_map_base: 0x00000207b13b0000

Marking Bits: (CMBitMap*) 0x00000207983a06e0
 Bits: [0x00000207b1bb0000, 0x00000207b23b0000)

Polling page: 0x0000020798430000

Metaspace:

Usage:
  Non-class:     12.83 MB used.
      Class:      2.07 MB used.
       Both:     14.90 MB used.

Virtual space:
  Non-class space:       64.00 MB reserved,      13.06 MB ( 20%) committed,  1 nodes.
      Class space:      320.00 MB reserved,       2.31 MB ( <1%) committed,  1 nodes.
             Both:      384.00 MB reserved,      15.38 MB (  4%) committed. 

Chunk freelists:
   Non-Class:  2.86 MB
       Class:  13.72 MB
        Both:  16.58 MB

MaxMetaspaceSize: 384.00 MB
CompressedClassSpaceSize: 320.00 MB
Initial GC threshold: 21.00 MB
Current GC threshold: 21.00 MB
CDS: on
 - commit_granule_bytes: 65536.
 - commit_granule_words: 8192.
 - virtual_space_node_default_size: 8388608.
 - enlarge_chunks_in_place: 1.
 - use_allocation_guard: 0.


Internal statistics:

num_allocs_failed_limit: 0.
num_arena_births: 536.
num_arena_deaths: 0.
num_vsnodes_births: 2.
num_vsnodes_deaths: 0.
num_space_committed: 246.
num_space_uncommitted: 0.
num_chunks_returned_to_freelist: 0.
num_chunks_taken_from_freelist: 1033.
num_chunk_merges: 0.
num_chunk_splits: 684.
num_chunks_enlarged: 486.
num_inconsistent_stats: 0.

CodeHeap 'non-profiled nmethods': size=120000Kb used=1283Kb max_used=1283Kb free=118716Kb
 bounds [0x00000207a9b00000, 0x00000207a9d70000, 0x00000207b1030000]
CodeHeap 'profiled nmethods': size=120000Kb used=5439Kb max_used=5439Kb free=114560Kb
 bounds [0x00000207a2030000, 0x00000207a2580000, 0x00000207a9560000]
CodeHeap 'non-nmethods': size=5760Kb used=1651Kb max_used=1660Kb free=4109Kb
 bounds [0x00000207a9560000, 0x00000207a97d0000, 0x00000207a9b00000]
 total_blobs=3330 nmethods=2765 adapters=469
 compilation: enabled
              stopped_count=0, restarted_count=0
 full_count=0

Compilation events (20 events):
Event: 20.829 Thread 0x00000207ce02c6c0 nmethod 2693 0x00000207a2554f90 code [0x00000207a2555140, 0x00000207a25554a0]
Event: 20.830 Thread 0x00000207ce02c6c0 2694       3       org.gradle.internal.service.DefaultServiceRegistry$OwnServices::getService (317 bytes)
Event: 20.833 Thread 0x00000207ce02c6c0 nmethod 2694 0x00000207a2555590 code [0x00000207a2555ac0, 0x00000207a2558760]
Event: 20.834 Thread 0x00000207ce02c6c0 2695       3       org.gradle.internal.service.DefaultServiceRegistry$CompositeServiceProvider::getService (52 bytes)
Event: 20.834 Thread 0x00000207ce02c6c0 nmethod 2695 0x00000207a2559490 code [0x00000207a2559660, 0x00000207a2559980]
Event: 20.834 Thread 0x00000207ce02c6c0 2696       3       java.lang.invoke.VarHandleGuards::guard_LLL_Z (86 bytes)
Event: 20.838 Thread 0x00000207ce02c6c0 nmethod 2696 0x00000207a2559b10 code [0x00000207a2559e40, 0x00000207a255b810]
Event: 20.875 Thread 0x00000207ce019990 2698       4       jdk.internal.org.objectweb.asm.ByteVector::put122 (93 bytes)
Event: 20.879 Thread 0x00000207ce019990 nmethod 2698 0x00000207a9c3d790 code [0x00000207a9c3d920, 0x00000207a9c3db40]
Event: 20.916 Thread 0x00000207ce02c6c0 2700       3       jdk.internal.org.objectweb.asm.Type::getType (10 bytes)
Event: 20.917 Thread 0x00000207ce02c6c0 nmethod 2700 0x00000207a255c010 code [0x00000207a255c1c0, 0x00000207a255c3f0]
Event: 20.960 Thread 0x00000207ce019990 2702   !   4       java.lang.ClassLoader::loadClass (121 bytes)
Event: 20.963 Thread 0x00000207ce02c6c0 2703   !   3       java.lang.invoke.MethodHandles$Lookup$ClassDefiner::defineClass (213 bytes)
Event: 20.965 Thread 0x00000207ce02c6c0 nmethod 2703 0x00000207a255c510 code [0x00000207a255c780, 0x00000207a255d118]
Event: 20.965 Thread 0x00000207ce02c6c0 2704       3       java.lang.System$2::defineClass (21 bytes)
Event: 20.966 Thread 0x00000207ce02c6c0 nmethod 2704 0x00000207a255d610 code [0x00000207a255d7c0, 0x00000207a255d938]
Event: 20.966 Thread 0x00000207ce02c6c0 2706       3       java.lang.Thread::isVirtual (5 bytes)
Event: 20.966 Thread 0x00000207ce02c6c0 nmethod 2706 0x00000207a255da10 code [0x00000207a255dba0, 0x00000207a255dd88]
Event: 21.380 Thread 0x00000207ce02c6c0 2708       3       java.util.HashMap::removeNode (291 bytes)
Event: 22.363 Thread 0x00000207ce02c6c0 nmethod 2708 0x00000207a255de10 code [0x00000207a255e0a0, 0x00000207a255f238]

GC Heap History (6 events):
Event: 3.771 GC heap before
{Heap before GC invocations=0 (full 0):
 garbage-first heap   total reserved 524288K, committed 262144K, used 23552K [0x00000000e0000000, 0x0000000100000000)
  region size 1024K, 24 young (24576K), 0 survivors (0K)
 Metaspace       used 1136K, committed 1280K, reserved 393216K
  class space    used 82K, committed 128K, reserved 327680K
}
Event: 3.782 GC heap after
{Heap after GC invocations=1 (full 0):
 garbage-first heap   total reserved 524288K, committed 262144K, used 3754K [0x00000000e0000000, 0x0000000100000000)
  region size 1024K, 3 young (3072K), 3 survivors (3072K)
 Metaspace       used 1136K, committed 1280K, reserved 393216K
  class space    used 82K, committed 128K, reserved 327680K
}
Event: 10.420 GC heap before
{Heap before GC invocations=1 (full 0):
 garbage-first heap   total reserved 524288K, committed 262144K, used 41642K [0x00000000e0000000, 0x0000000100000000)
  region size 1024K, 38 young (38912K), 3 survivors (3072K)
 Metaspace       used 4397K, committed 4608K, reserved 393216K
  class space    used 554K, committed 640K, reserved 327680K
}
Event: 10.427 GC heap after
{Heap after GC invocations=2 (full 0):
 garbage-first heap   total reserved 524288K, committed 262144K, used 12094K [0x00000000e0000000, 0x0000000100000000)
  region size 1024K, 5 young (5120K), 5 survivors (5120K)
 Metaspace       used 4397K, committed 4608K, reserved 393216K
  class space    used 554K, committed 640K, reserved 327680K
}
Event: 15.023 GC heap before
{Heap before GC invocations=2 (full 0):
 garbage-first heap   total reserved 524288K, committed 262144K, used 62270K [0x00000000e0000000, 0x0000000100000000)
  region size 1024K, 52 young (53248K), 5 survivors (5120K)
 Metaspace       used 6707K, committed 6976K, reserved 393216K
  class space    used 902K, committed 1024K, reserved 327680K
}
Event: 15.035 GC heap after
{Heap after GC invocations=3 (full 0):
 garbage-first heap   total reserved 524288K, committed 262144K, used 18945K [0x00000000e0000000, 0x0000000100000000)
  region size 1024K, 6 young (6144K), 6 survivors (6144K)
 Metaspace       used 6707K, committed 6976K, reserved 393216K
  class space    used 902K, committed 1024K, reserved 327680K
}

Dll operation events (15 events):
Event: 0.129 Loaded shared library C:\Program Files\Java\jdk-22\bin\java.dll
Event: 0.418 Loaded shared library C:\Program Files\Java\jdk-22\bin\jsvml.dll
Event: 0.735 Loaded shared library C:\Program Files\Java\jdk-22\bin\zip.dll
Event: 0.773 Loaded shared library C:\Program Files\Java\jdk-22\bin\instrument.dll
Event: 0.799 Loaded shared library C:\Program Files\Java\jdk-22\bin\net.dll
Event: 0.844 Loaded shared library C:\Program Files\Java\jdk-22\bin\nio.dll
Event: 0.854 Loaded shared library C:\Program Files\Java\jdk-22\bin\zip.dll
Event: 2.838 Loaded shared library C:\Program Files\Java\jdk-22\bin\jimage.dll
Event: 5.277 Loaded shared library C:\Program Files\Java\jdk-22\bin\verify.dll
Event: 5.727 Loaded shared library C:\Users\byeon\.gradle\native\1def1411415f61bf3af743bc5b6707747c0891f09f0c88961ee8f79bc544acac\windows-amd64\native-platform.dll
Event: 5.870 Loaded shared library C:\Users\byeon\.gradle\native\0.2.7\x86_64-windows-gnu\gradle-fileevents.dll
Event: 14.763 Loaded shared library C:\Program Files\Java\jdk-22\bin\management.dll
Event: 14.799 Loaded shared library C:\Program Files\Java\jdk-22\bin\management_ext.dll
Event: 15.587 Loaded shared library C:\Program Files\Java\jdk-22\bin\extnet.dll
Event: 17.335 Loaded shared library C:\Program Files\Java\jdk-22\bin\sunmscapi.dll

Deoptimization events (20 events):
Event: 18.108 Thread 0x00000207cefbcbe0 DEOPT PACKING pc=0x00000207a9bc052c sp=0x000000c09c0fef20
Event: 18.108 Thread 0x00000207cefbcbe0 DEOPT UNPACKING pc=0x00000207a95b7da2 sp=0x000000c09c0fee80 mode 2
Event: 18.357 Thread 0x00000207cefbcbe0 DEOPT PACKING pc=0x00000207a2135019 sp=0x000000c09c0f8f20
Event: 18.357 Thread 0x00000207cefbcbe0 DEOPT UNPACKING pc=0x00000207a95b88e2 sp=0x000000c09c0f8420 mode 0
Event: 19.108 Thread 0x00000207cefbcbe0 Uncommon trap: trap_request=0xffffffcc fr.pc=0x00000207a9c1b58c relative=0x000000000000034c
Event: 19.108 Thread 0x00000207cefbcbe0 Uncommon trap: reason=intrinsic_or_type_checked_inlining action=make_not_entrant pc=0x00000207a9c1b58c method=java.util.Arrays.copyOf([Ljava/lang/Object;ILjava/lang/Class;)[Ljava/lang/Object; @ 35 c2
Event: 19.108 Thread 0x00000207cefbcbe0 DEOPT PACKING pc=0x00000207a9c1b58c sp=0x000000c09c0fceb0
Event: 19.108 Thread 0x00000207cefbcbe0 DEOPT UNPACKING pc=0x00000207a95b7da2 sp=0x000000c09c0fce40 mode 2
Event: 19.262 Thread 0x00000207cefbcbe0 Uncommon trap: trap_request=0xffffff45 fr.pc=0x00000207a9bf8654 relative=0x0000000000000474
Event: 19.262 Thread 0x00000207cefbcbe0 Uncommon trap: reason=unstable_if action=reinterpret pc=0x00000207a9bf8654 method=java.util.HashMap.getNode(Ljava/lang/Object;)Ljava/util/HashMap$Node; @ 66 c2
Event: 19.262 Thread 0x00000207cefbcbe0 DEOPT PACKING pc=0x00000207a9bf8654 sp=0x000000c09c0fc8d0
Event: 19.262 Thread 0x00000207cefbcbe0 DEOPT UNPACKING pc=0x00000207a95b7da2 sp=0x000000c09c0fc7f0 mode 2
Event: 19.317 Thread 0x00000207cefbcbe0 Uncommon trap: trap_request=0xffffff45 fr.pc=0x00000207a9b94800 relative=0x00000000000002c0
Event: 19.317 Thread 0x00000207cefbcbe0 Uncommon trap: reason=unstable_if action=reinterpret pc=0x00000207a9b94800 method=java.util.concurrent.ConcurrentHashMap.get(Ljava/lang/Object;)Ljava/lang/Object; @ 152 c2
Event: 19.317 Thread 0x00000207cefbcbe0 DEOPT PACKING pc=0x00000207a9b94800 sp=0x000000c09c0fbdd0
Event: 19.317 Thread 0x00000207cefbcbe0 DEOPT UNPACKING pc=0x00000207a95b7da2 sp=0x000000c09c0fbd38 mode 2
Event: 20.079 Thread 0x00000207cefbcbe0 Uncommon trap: trap_request=0xffffff45 fr.pc=0x00000207a9c21178 relative=0x0000000000000e38
Event: 20.079 Thread 0x00000207cefbcbe0 Uncommon trap: reason=unstable_if action=reinterpret pc=0x00000207a9c21178 method=java.lang.invoke.LambdaForm$Name.replaceNames([Ljava/lang/invoke/LambdaForm$Name;[Ljava/lang/invoke/LambdaForm$Name;II)Ljava/lang/invoke/LambdaForm$Name; @ 3 c2
Event: 20.079 Thread 0x00000207cefbcbe0 DEOPT PACKING pc=0x00000207a9c21178 sp=0x000000c09c0fd400
Event: 20.079 Thread 0x00000207cefbcbe0 DEOPT UNPACKING pc=0x00000207a95b7da2 sp=0x000000c09c0fd3c8 mode 2

Classes loaded (20 events):
Event: 20.788 Loading class java/nio/file/NoSuchFileException
Event: 20.790 Loading class java/nio/file/FileSystemException
Event: 20.792 Loading class java/nio/file/FileSystemException done
Event: 20.792 Loading class java/nio/file/NoSuchFileException done
Event: 20.796 Loading class java/nio/file/attribute/PosixFilePermissions
Event: 20.796 Loading class java/nio/file/attribute/PosixFilePermissions done
Event: 20.796 Loading class java/util/RegularEnumSet$EnumSetIterator
Event: 20.797 Loading class java/util/RegularEnumSet$EnumSetIterator done
Event: 20.797 Loading class java/nio/file/attribute/PosixFilePermissions$1
Event: 20.798 Loading class java/nio/file/attribute/PosixFilePermissions$1 done
Event: 20.905 Loading class java/util/concurrent/ArrayBlockingQueue
Event: 20.908 Loading class java/util/concurrent/ArrayBlockingQueue done
Event: 20.908 Loading class java/util/concurrent/locks/ReentrantLock$FairSync
Event: 20.909 Loading class java/util/concurrent/locks/ReentrantLock$FairSync done
Event: 20.925 Loading class sun/misc/Unsafe
Event: 20.928 Loading class sun/misc/Unsafe done
Event: 20.959 Loading class java/net/DatagramPacket
Event: 20.962 Loading class java/net/DatagramPacket done
Event: 20.967 Loading class sun/nio/ch/DatagramChannelImpl$DatagramPackets
Event: 20.970 Loading class sun/nio/ch/DatagramChannelImpl$DatagramPackets done

Classes unloaded (0 events):
No events

Classes redefined (0 events):
No events

Internal exceptions (20 events):
Event: 15.068 Thread 0x000002079822e2f0 Exception <a 'java/lang/NoSuchMethodError'{0x00000000efffb818}: 'java.lang.Object java.lang.invoke.DirectMethodHandle$Holder.invokeStatic(java.lang.Object, java.lang.Object, java.lang.Object, java.lang.Object, java.lang.Object, java.lang.Object, java.lang.Object, java.lang.Object, java.lang.Object, java.lang.Object, java.lang.Object, java.lang.Object, java.lang.Object, java.lang.Object, java.lang.Object, java.lang.Object)'> (0x00000000efffb818) 
thrown [s\open\src\hotspot\share\interpreter\linkResolver.cpp
Event: 15.675 Thread 0x000002079822e2f0 Exception <a 'java/lang/NoSuchMethodError'{0x00000000efb0e5b8}: 'java.lang.Object java.lang.invoke.DirectMethodHandle$Holder.invokeVirtual(java.lang.Object, java.lang.Object, java.lang.Object, java.lang.Object, java.lang.Object, java.lang.Object, java.lang.Object)'> (0x00000000efb0e5b8) 
thrown [s\open\src\hotspot\share\interpreter\linkResolver.cpp, line 774]
Event: 15.714 Thread 0x000002079822e2f0 Exception <a 'java/lang/NoSuchMethodError'{0x00000000efb9a7e8}: 'java.lang.Object java.lang.invoke.DirectMethodHandle$Holder.invokeVirtual(java.lang.Object, java.lang.Object, java.lang.Object, java.lang.Object, java.lang.Object, java.lang.Object, java.lang.Object, java.lang.Object, java.lang.Object)'> (0x00000000efb9a7e8) 
thrown [s\open\src\hotspot\share\interpreter\linkResolver.cpp, line 774]
Event: 15.971 Thread 0x000002079822e2f0 Exception <a 'java/lang/NoSuchMethodError'{0x00000000ef93b280}: 'java.lang.Object java.lang.invoke.DirectMethodHandle$Holder.invokeStaticInit(java.lang.Object, int, int, int, int)'> (0x00000000ef93b280) 
thrown [s\open\src\hotspot\share\interpreter\linkResolver.cpp, line 774]
Event: 16.655 Thread 0x000002079822e2f0 Exception <a 'java/lang/NoSuchMethodError'{0x00000000ef9df230}: 'java.lang.Object java.lang.invoke.DirectMethodHandle$Holder.invokeStaticInit(java.lang.Object, java.lang.Object, int, int, int, int)'> (0x00000000ef9df230) 
thrown [s\open\src\hotspot\share\interpreter\linkResolver.cpp, line 774]
Event: 16.906 Thread 0x000002079822e2f0 Exception <a 'java/io/IOException'{0x00000000ef630e98}> (0x00000000ef630e98) 
thrown [s\open\src\hotspot\share\prims\jni.cpp, line 520]
Event: 16.931 Thread 0x000002079822e2f0 Implicit null exception at 0x00000207a9b509a4 to 0x00000207a9b5105c
Event: 16.955 Thread 0x000002079822e2f0 Exception <a 'java/lang/NoSuchMethodError'{0x00000000ef6a2358}: 'java.lang.Object java.lang.invoke.DirectMethodHandle$Holder.newInvokeSpecial(java.lang.Object, java.lang.Object, java.lang.Object, java.lang.Object, java.lang.Object)'> (0x00000000ef6a2358) 
thrown [s\open\src\hotspot\share\interpreter\linkResolver.cpp, line 774]
Event: 18.070 Thread 0x00000207cfba1f80 Exception <a 'java/lang/NoSuchMethodError'{0x00000000ef3659d0}: 'void java.lang.invoke.DirectMethodHandle$Holder.invokeSpecial(java.lang.Object, java.lang.Object, java.lang.Object)'> (0x00000000ef3659d0) 
thrown [s\open\src\hotspot\share\interpreter\linkResolver.cpp, line 774]
Event: 18.515 Thread 0x00000207cefbcbe0 Exception <a 'java/lang/NoSuchMethodError'{0x00000000eecb1d60}: 'long java.lang.invoke.DirectMethodHandle$Holder.invokeInterface(java.lang.Object, java.lang.Object)'> (0x00000000eecb1d60) 
thrown [s\open\src\hotspot\share\interpreter\linkResolver.cpp, line 774]
Event: 19.046 Thread 0x00000207cefbcbe0 Exception <a 'java/lang/NoSuchMethodError'{0x00000000ee7235b8}: 'void java.lang.invoke.DirectMethodHandle$Holder.invokeStatic(java.lang.Object, java.lang.Object)'> (0x00000000ee7235b8) 
thrown [s\open\src\hotspot\share\interpreter\linkResolver.cpp, line 774]
Event: 19.081 Thread 0x00000207cefbcbe0 Exception <a 'java/lang/NoSuchMethodError'{0x00000000ee768030}: 'java.lang.Object java.lang.invoke.DirectMethodHandle$Holder.invokeVirtual(java.lang.Object, java.lang.Object, java.lang.Object, java.lang.Object, java.lang.Object, java.lang.Object, java.lang.Object, java.lang.Object, java.lang.Object, java.lang.Object, java.lang.Object, java.lang.Object)'> (0x00000000ee768030) 
thrown [s\open\src\hotspot\share\interpreter\linkResolver.cpp, line 774]
Event: 19.082 Thread 0x00000207cefbcbe0 Exception <a 'java/lang/NoSuchMethodError'{0x00000000ee76d048}: 'java.lang.Object java.lang.invoke.DirectMethodHandle$Holder.invokeSpecial(java.lang.Object, java.lang.Object, java.lang.Object, java.lang.Object, java.lang.Object, java.lang.Object, java.lang.Object, java.lang.Object, java.lang.Object, java.lang.Object, java.lang.Object, java.lang.Object, java.lang.Object)'> (0x00000000ee76d048) 
thrown [s\open\src\hotspot\share\interpreter\linkResolver.cpp, line 774]
Event: 19.355 Thread 0x00000207cefbcbe0 Exception <a 'java/lang/NoSuchMethodError'{0x00000000ee55f930}: 'int java.lang.invoke.DirectMethodHandle$Holder.invokeVirtual(java.lang.Object, java.lang.Object, java.lang.Object)'> (0x00000000ee55f930) 
thrown [s\open\src\hotspot\share\interpreter\linkResolver.cpp, line 774]
Event: 19.674 Thread 0x00000207cefbcbe0 Exception <a 'java/lang/NoSuchMethodError'{0x00000000ee3c2678}: 'java.lang.Object java.lang.invoke.DirectMethodHandle$Holder.newInvokeSpecial(java.lang.Object, java.lang.Object, java.lang.Object, java.lang.Object, java.lang.Object, java.lang.Object)'> (0x00000000ee3c2678) 
thrown [s\open\src\hotspot\share\interpreter\linkResolver.cpp, line 774]
Event: 20.068 Thread 0x00000207cefbcbe0 Exception <a 'java/lang/NoSuchMethodError'{0x00000000ee0932d8}: 'void java.lang.invoke.DelegatingMethodHandle$Holder.reinvoke_L(java.lang.Object, java.lang.Object, java.lang.Object, java.lang.Object, java.lang.Object, java.lang.Object, java.lang.Object, java.lang.Object, java.lang.Object, java.lang.Object)'> (0x00000000ee0932d8) 
thrown [s\open\src\hotspot\share\interpreter\linkResolver.cpp, line 774]
Event: 20.069 Thread 0x00000207cefbcbe0 Exception <a 'java/lang/NoSuchMethodError'{0x00000000ee09ad98}: 'java.lang.Object java.lang.invoke.Invokers$Holder.invoker(java.lang.Object, java.lang.Object, java.lang.Object, java.lang.Object, java.lang.Object, java.lang.Object, java.lang.Object, java.lang.Object, java.lang.Object, java.lang.Object)'> (0x00000000ee09ad98) 
thrown [s\open\src\hotspot\share\interpreter\linkResolver.cpp, line 774]
Event: 20.815 Thread 0x00000207cefbcbe0 Exception <a 'java/lang/NoSuchMethodError'{0x00000000edab1458}: 'void java.lang.invoke.DirectMethodHandle$Holder.invokeInterface(java.lang.Object, java.lang.Object)'> (0x00000000edab1458) 
thrown [s\open\src\hotspot\share\interpreter\linkResolver.cpp, line 774]
Event: 20.816 Thread 0x00000207cefbcbe0 Exception <a 'java/lang/IncompatibleClassChangeError'{0x00000000edab49c8}: Found class java.lang.Object, but interface was expected> (0x00000000edab49c8) 
thrown [s\open\src\hotspot\share\interpreter\linkResolver.cpp, line 841]
Event: 20.916 Thread 0x00000207cefbcbe0 Exception <a 'java/lang/NoSuchMethodError'{0x00000000ed9d8580}: 'java.lang.Object java.lang.invoke.DirectMethodHandle$Holder.newInvokeSpecial(java.lang.Object, java.lang.Object, int)'> (0x00000000ed9d8580) 
thrown [s\open\src\hotspot\share\interpreter\linkResolver.cpp, line 774]

ZGC Phase Switch (0 events):
No events

VM Operations (20 events):
Event: 15.144 Executing VM operation: HandshakeAllThreads (Deoptimize) done
Event: 15.672 Executing VM operation: HandshakeAllThreads (Deoptimize)
Event: 15.672 Executing VM operation: HandshakeAllThreads (Deoptimize) done
Event: 15.845 Executing VM operation: HandshakeAllThreads (Deoptimize)
Event: 15.845 Executing VM operation: HandshakeAllThreads (Deoptimize) done
Event: 16.140 Executing VM operation: HandshakeAllThreads (Deoptimize)
Event: 16.140 Executing VM operation: HandshakeAllThreads (Deoptimize) done
Event: 16.140 Executing VM operation: Cleanup
Event: 16.140 Executing VM operation: Cleanup done
Event: 17.056 Executing VM operation: HandshakeAllThreads (Deoptimize)
Event: 17.057 Executing VM operation: HandshakeAllThreads (Deoptimize) done
Event: 18.057 Executing VM operation: Cleanup
Event: 18.057 Executing VM operation: Cleanup done
Event: 19.069 Executing VM operation: Cleanup
Event: 19.069 Executing VM operation: Cleanup done
Event: 20.082 Executing VM operation: Cleanup
Event: 20.083 Executing VM operation: Cleanup done
Event: 20.910 Executing VM operation: HandshakeAllThreads (Deoptimize)
Event: 20.910 Executing VM operation: HandshakeAllThreads (Deoptimize) done
Event: 21.925 Executing VM operation: Cleanup

Events (20 events):
Event: 0.377 Thread 0x00000207ce011410 Thread added: 0x00000207ce011410
Event: 0.378 Thread 0x00000207ce013b10 Thread added: 0x00000207ce013b10
Event: 0.379 Thread 0x00000207ce0150e0 Thread added: 0x00000207ce0150e0
Event: 0.380 Thread 0x00000207ce016ac0 Thread added: 0x00000207ce016ac0
Event: 0.381 Thread 0x00000207ce019990 Thread added: 0x00000207ce019990
Event: 0.382 Thread 0x00000207ce02c6c0 Thread added: 0x00000207ce02c6c0
Event: 0.611 Thread 0x00000207ce157470 Thread added: 0x00000207ce157470
Event: 0.945 Thread 0x00000207ce253e30 Thread added: 0x00000207ce253e30
Event: 14.997 Thread 0x00000207cec56e40 Thread added: 0x00000207cec56e40
Event: 16.716 Thread 0x00000207cfa59610 Thread added: 0x00000207cfa59610
Event: 16.969 Thread 0x00000207cfa95de0 Thread added: 0x00000207cfa95de0
Event: 17.624 Thread 0x00000207cfba1f80 Thread added: 0x00000207cfba1f80
Event: 17.634 Thread 0x00000207cfba25f0 Thread added: 0x00000207cfba25f0
Event: 18.025 Thread 0x00000207ceedb1b0 Thread added: 0x00000207ceedb1b0
Event: 18.072 Thread 0x00000207cefbcbe0 Thread added: 0x00000207cefbcbe0
Event: 18.156 Thread 0x00000207cefbc550 Thread added: 0x00000207cefbc550
Event: 18.175 Thread 0x00000207cefbd270 Thread added: 0x00000207cefbd270
Event: 18.184 Thread 0x00000207cefbd900 Thread added: 0x00000207cefbd900
Event: 20.911 Thread 0x00000207cfde89f0 Thread added: 0x00000207cfde89f0
Event: 20.957 Thread 0x00000207cfde9710 Thread added: 0x00000207cfde9710


Dynamic libraries:
0x00007ff6a1f20000 - 0x00007ff6a1f30000 	C:\Program Files\Java\jdk-22\bin\java.exe
0x00007ffb64620000 - 0x00007ffb64886000 	C:\WINDOWS\SYSTEM32\ntdll.dll
0x00007ffb63540000 - 0x00007ffb63609000 	C:\WINDOWS\System32\KERNEL32.DLL
0x00007ffb61a70000 - 0x00007ffb61e6e000 	C:\WINDOWS\System32\KERNELBASE.dll
0x00007ffb61e80000 - 0x00007ffb61fcc000 	C:\WINDOWS\System32\ucrtbase.dll
0x00007ffb45060000 - 0x00007ffb45077000 	C:\Program Files\Java\jdk-22\bin\jli.dll
0x00007ffb45080000 - 0x00007ffb4509b000 	C:\Program Files\Java\jdk-22\bin\VCRUNTIME140.dll
0x00007ffb63ad0000 - 0x00007ffb63b87000 	C:\WINDOWS\System32\ADVAPI32.dll
0x00007ffb62f60000 - 0x00007ffb63009000 	C:\WINDOWS\System32\msvcrt.dll
0x00007ffb62470000 - 0x00007ffb6251a000 	C:\WINDOWS\System32\sechost.dll
0x00007ffb639b0000 - 0x00007ffb63ac8000 	C:\WINDOWS\System32\RPCRT4.dll
0x00007ffb62d90000 - 0x00007ffb62f57000 	C:\WINDOWS\System32\USER32.dll
0x00007ffb62320000 - 0x00007ffb62347000 	C:\WINDOWS\System32\win32u.dll
0x00007ffb636c0000 - 0x00007ffb636eb000 	C:\WINDOWS\System32\GDI32.dll
0x00007ffb4a810000 - 0x00007ffb4aaa2000 	C:\WINDOWS\WinSxS\amd64_microsoft.windows.common-controls_6595b64144ccf1df_6.0.26100.8875_none_3e0d5d42e32fe9dd\COMCTL32.dll
0x00007ffb61fe0000 - 0x00007ffb6210a000 	C:\WINDOWS\System32\gdi32full.dll
0x00007ffb619c0000 - 0x00007ffb61a63000 	C:\WINDOWS\System32\msvcp_win.dll
0x00007ffb53e10000 - 0x00007ffb53e1b000 	C:\WINDOWS\SYSTEM32\VERSION.dll
0x00007ffb628b0000 - 0x00007ffb628e2000 	C:\WINDOWS\System32\IMM32.DLL
0x00007ffb483f0000 - 0x00007ffb483fc000 	C:\Program Files\Java\jdk-22\bin\vcruntime140_1.dll
0x00007ffb2ac30000 - 0x00007ffb2acbe000 	C:\Program Files\Java\jdk-22\bin\msvcp140.dll
0x00007ffa8c480000 - 0x00007ffa8d1c7000 	C:\Program Files\Java\jdk-22\bin\server\jvm.dll
0x00007ffb63610000 - 0x00007ffb63690000 	C:\WINDOWS\System32\WS2_32.dll
0x00007ffb58320000 - 0x00007ffb58356000 	C:\WINDOWS\SYSTEM32\WINMM.dll
0x00007ffb616a0000 - 0x00007ffb616fe000 	C:\WINDOWS\SYSTEM32\POWRPROF.dll
0x00007ffb61680000 - 0x00007ffb61694000 	C:\WINDOWS\SYSTEM32\UMPDC.dll
0x00007ffb60520000 - 0x00007ffb6053b000 	C:\WINDOWS\SYSTEM32\kernel.appcore.dll
0x00007ffb44ed0000 - 0x00007ffb44eda000 	C:\Program Files\Java\jdk-22\bin\jimage.dll
0x00007ffb5ede0000 - 0x00007ffb5f022000 	C:\WINDOWS\SYSTEM32\DBGHELP.DLL
0x00007ffb62520000 - 0x00007ffb628a3000 	C:\WINDOWS\System32\combase.dll
0x00007ffb637d0000 - 0x00007ffb638a9000 	C:\WINDOWS\System32\OLEAUT32.dll
0x00007ffb582e0000 - 0x00007ffb5831b000 	C:\WINDOWS\SYSTEM32\dbgcore.DLL
0x00007ffb621a0000 - 0x00007ffb6224c000 	C:\WINDOWS\System32\bcryptPrimitives.dll
0x00007ffb44eb0000 - 0x00007ffb44ebf000 	C:\Program Files\Java\jdk-22\bin\instrument.dll
0x00007ffb44d30000 - 0x00007ffb44d4e000 	C:\Program Files\Java\jdk-22\bin\java.dll
0x00007ffb63b90000 - 0x00007ffb64322000 	C:\WINDOWS\System32\SHELL32.dll
0x00007ffb63360000 - 0x00007ffb634f9000 	C:\WINDOWS\System32\ole32.dll
0x00007ffb5f300000 - 0x00007ffb5fb92000 	C:\WINDOWS\SYSTEM32\windows.storage.dll
0x00007ffb638b0000 - 0x00007ffb639a7000 	C:\WINDOWS\System32\SHCORE.dll
0x00007ffb64570000 - 0x00007ffb645d7000 	C:\WINDOWS\System32\shlwapi.dll
0x00007ffb61760000 - 0x00007ffb61789000 	C:\WINDOWS\SYSTEM32\profapi.dll
0x00007ffb29a10000 - 0x00007ffb29ae7000 	C:\Program Files\Java\jdk-22\bin\jsvml.dll
0x00007ffb409f0000 - 0x00007ffb40a07000 	C:\Program Files\Java\jdk-22\bin\zip.dll
0x00007ffb44ea0000 - 0x00007ffb44eb0000 	C:\Program Files\Java\jdk-22\bin\net.dll
0x00007ffb60ad0000 - 0x00007ffb60b3c000 	C:\WINDOWS\system32\mswsock.dll
0x00007ffb409d0000 - 0x00007ffb409e6000 	C:\Program Files\Java\jdk-22\bin\nio.dll
0x00007ffb40740000 - 0x00007ffb40750000 	C:\Program Files\Java\jdk-22\bin\verify.dll
0x00007ffb4c9a0000 - 0x00007ffb4c9c7000 	C:\Users\byeon\.gradle\native\1def1411415f61bf3af743bc5b6707747c0891f09f0c88961ee8f79bc544acac\windows-amd64\native-platform.dll
0x00007ffb29d50000 - 0x00007ffb29dc8000 	C:\Users\byeon\.gradle\native\0.2.7\x86_64-windows-gnu\gradle-fileevents.dll
0x00007ffb403d0000 - 0x00007ffb403da000 	C:\Program Files\Java\jdk-22\bin\management.dll
0x00007ffb403c0000 - 0x00007ffb403cb000 	C:\Program Files\Java\jdk-22\bin\management_ext.dll
0x00007ffb62d80000 - 0x00007ffb62d88000 	C:\WINDOWS\System32\PSAPI.DLL
0x00007ffb5fef0000 - 0x00007ffb5ff23000 	C:\WINDOWS\SYSTEM32\IPHLPAPI.DLL
0x00007ffb63500000 - 0x00007ffb6350a000 	C:\WINDOWS\System32\NSI.dll
0x00007ffb3f790000 - 0x00007ffb3f799000 	C:\Program Files\Java\jdk-22\bin\extnet.dll
0x00007ffb60dd0000 - 0x00007ffb60deb000 	C:\WINDOWS\SYSTEM32\CRYPTSP.dll
0x00007ffb60480000 - 0x00007ffb604b9000 	C:\WINDOWS\system32\rsaenh.dll
0x00007ffb60b90000 - 0x00007ffb60bc2000 	C:\WINDOWS\SYSTEM32\USERENV.dll
0x00007ffb61730000 - 0x00007ffb6175a000 	C:\WINDOWS\SYSTEM32\bcrypt.dll
0x00007ffb60df0000 - 0x00007ffb60dfc000 	C:\WINDOWS\SYSTEM32\CRYPTBASE.dll
0x00007ffb3e8e0000 - 0x00007ffb3e8ee000 	C:\Program Files\Java\jdk-22\bin\sunmscapi.dll
0x00007ffb61840000 - 0x00007ffb619b8000 	C:\WINDOWS\System32\CRYPT32.dll
0x00007ffb61010000 - 0x00007ffb61040000 	C:\WINDOWS\SYSTEM32\ncrypt.dll
0x00007ffb60fc0000 - 0x00007ffb60fff000 	C:\WINDOWS\SYSTEM32\NTASN1.dll
0x00007ffb5a990000 - 0x00007ffb5a998000 	C:\WINDOWS\system32\wshunix.dll

dbghelp: loaded successfully - version: 4.0.5 - missing functions: none
symbol engine: initialized successfully - sym options: 0x614 - pdb path: .;C:\Program Files\Java\jdk-22\bin;C:\WINDOWS\SYSTEM32;C:\WINDOWS\WinSxS\amd64_microsoft.windows.common-controls_6595b64144ccf1df_6.0.26100.8875_none_3e0d5d42e32fe9dd;C:\Program Files\Java\jdk-22\bin\server;C:\Users\byeon\.gradle\native\1def1411415f61bf3af743bc5b6707747c0891f09f0c88961ee8f79bc544acac\windows-amd64;C:\Users\byeon\.gradle\native\0.2.7\x86_64-windows-gnu

VM Arguments:
jvm_args: --add-opens=java.base/java.lang=ALL-UNNAMED --add-opens=java.base/java.lang.invoke=ALL-UNNAMED --add-opens=java.base/java.util=ALL-UNNAMED --add-opens=java.prefs/java.util.prefs=ALL-UNNAMED --add-exports=jdk.compiler/com.sun.tools.javac.api=ALL-UNNAMED --add-exports=jdk.compiler/com.sun.tools.javac.util=ALL-UNNAMED --add-opens=java.base/java.util=ALL-UNNAMED --add-opens=java.prefs/java.util.prefs=ALL-UNNAMED --add-opens=java.base/java.nio.charset=ALL-UNNAMED --add-opens=java.base/java.net=ALL-UNNAMED --add-opens=java.base/java.util.concurrent.atomic=ALL-UNNAMED --add-opens=java.xml/javax.xml.namespace=ALL-UNNAMED -XX:MaxMetaspaceSize=384m -XX:+HeapDumpOnOutOfMemoryError -Xms256m -Xmx512m -Dfile.encoding=UTF-8 -Duser.country=KR -Duser.language=ko -Duser.variant -javaagent:C:\Users\byeon\.gradle\wrapper\dists\gradle-8.13-bin\5xuhj0ry160q40clulazy9h7d\gradle-8.13\lib\agents\gradle-instrumentation-agent-8.13.jar 
java_command: org.gradle.launcher.daemon.bootstrap.GradleDaemon 8.13
java_class_path (initial): C:\Users\byeon\.gradle\wrapper\dists\gradle-8.13-bin\5xuhj0ry160q40clulazy9h7d\gradle-8.13\lib\gradle-daemon-main-8.13.jar
Launcher Type: SUN_STANDARD

[Global flags]
     intx CICompilerCount                          = 4                                         {product} {ergonomic}
   size_t CompressedClassSpaceSize                 = 335544320                                 {product} {ergonomic}
     uint ConcGCThreads                            = 2                                         {product} {ergonomic}
     uint G1ConcRefinementThreads                  = 8                                         {product} {ergonomic}
   size_t G1HeapRegionSize                         = 1048576                                   {product} {ergonomic}
     bool HeapDumpOnOutOfMemoryError               = true                                   {manageable} {command line}
   size_t InitialHeapSize                          = 268435456                                 {product} {command line}
   size_t MarkStackSize                            = 4194304                                   {product} {ergonomic}
   size_t MaxHeapSize                              = 536870912                                 {product} {command line}
   size_t MaxMetaspaceSize                         = 402653184                                 {product} {command line}
   size_t MaxNewSize                               = 321912832                                 {product} {ergonomic}
   size_t MinHeapDeltaBytes                        = 1048576                                   {product} {ergonomic}
   size_t MinHeapSize                              = 268435456                                 {product} {command line}
    uintx NonNMethodCodeHeapSize                   = 5839372                                {pd product} {ergonomic}
    uintx NonProfiledCodeHeapSize                  = 122909434                              {pd product} {ergonomic}
    uintx ProfiledCodeHeapSize                     = 122909434                              {pd product} {ergonomic}
    uintx ReservedCodeCacheSize                    = 251658240                              {pd product} {ergonomic}
     bool SegmentedCodeCache                       = true                                      {product} {ergonomic}
   size_t SoftMaxHeapSize                          = 536870912                              {manageable} {ergonomic}
     bool UseCompressedOops                        = true                           {product lp64_product} {ergonomic}
     bool UseG1GC                                  = true                                      {product} {ergonomic}
     bool UseLargePagesIndividualAllocation        = false                                  {pd product} {ergonomic}

Logging:
Log output configuration:
 #0: stdout all=warning uptime,level,tags foldmultilines=false
 #1: stderr all=off uptime,level,tags foldmultilines=false

Environment Variables:
JAVA_HOME=C:\Program Files\Java\jdk-22
CLASSPATH=C:\Program Files\Java\jdk-22;C:\xerces-2_12_0\resolver.jar;C:\xerces-2_12_0\serializer.jar;C:\xerces-2_12_0\xercesImpl.jar;C:\xerces-2_12_0\xercesSamples.jar;C:\xerces-2_12_0\xml-apis.jar;
PATH=C:\Users\byeon\bin;C:\Program Files\Git\mingw64\bin;C:\Program Files\Git\usr\local\bin;C:\Program Files\Git\usr\bin;C:\Program Files\Git\usr\bin;C:\Program Files\Git\mingw64\bin;C:\Program Files\Git\usr\bin;C:\Users\byeon\bin;C:\Program Files\Common Files\Oracle\Java\javapath;C:\Program Files (x86)\Common Files\Oracle\Java\javapath;C:\WINDOWS\system32;C:\WINDOWS;C:\WINDOWS\System32\Wbem;C:\WINDOWS\System32\WindowsPowerShell\v1.0;C:\WINDOWS\System32\OpenSSH;C:\Program Files\Git\cmd;C:\Program Files\MongoDB\Server\5.0\bin;C:\Users\byeon\dev\django\python_test\Scripts;C:\Program Files\MySQL\MySQL Server 8.0\bin;C:\Program Files\Java\jdk-22\bin;C:\Program Files\k6;C:\Program Files\nodejs;%ANDROID_HOME%\platform-tools;%ANDROID_HOME%\emulator;C:\Users\byeon\AppData\Local\Programs\Python\Python311\Scripts;C:\Users\byeon\AppData\Local\Programs\Python\Python311;C:\Program Files\MySQL\MySQL Shell 8.0\bin;C:\Users\byeon\AppData\Local\Programs\Python\Python310\Scripts;C:\Users\byeon\AppData\Local\Programs\Python\Python310;C:\Users\byeon\AppData\Local\Programs\Microsoft VS Code;C:\Users\byeon\AppData\Local\Programs\Microsoft VS Code\bin;C:\Users\byeon\AppData\Roaming\npm;C:\Users\byeon\AppData\Local\Microsoft\WindowsApps;C:\ProgramData\byeon\atom\bin;C:\Users\byeon\AppData\Local\atom\bin;C:\Users\byeon\AppData\Local\JetBrains\IntelliJ IDEA Community Edition 2023.1.2\bin;C:\Users\byeon\AppData\Local\Microsoft\WindowsApps;C:\Users\byeon\AppData\Roaming\npm;C:\Users\byeon\AppData\Local\JetBrains\Toolbox\scripts;C:\usr\local;C:\Program Files\PostgreSQL\17\bin;C:\flutter\flutter\bin;C:\Users\byeon\AppData\Local\Android\Sdk\platform-tools;C:\Program Files\Git\usr\bin\vendor_perl;C:\Program Files\Git\usr\bin\core_perl
USERNAME=byeon
SHELL=C:\Program Files\Git\usr\bin\bash.exe
DISPLAY=needs-to-be-defined
LANG=ko_KR.UTF-8
TERM=xterm-256color
TMPDIR=C:\Users\byeon\AppData\Local\Temp
OS=Windows_NT
PROCESSOR_IDENTIFIER=Intel64 Family 6 Model 140 Stepping 1, GenuineIntel
TMP=C:\Users\byeon\AppData\Local\Temp
TEMP=C:\Users\byeon\AppData\Local\Temp




Periodic native trim disabled

---------------  S Y S T E M  ---------------

OS:
 Windows 11 , 64 bit Build 26100 (10.0.26100.8875)
OS uptime: 36 days 14:50 hours

CPU: total 8 (initial active 8) (4 cores per cpu, 2 threads per core) family 6 model 140 stepping 1 microcode 0x8a, cx8, cmov, fxsr, ht, mmx, 3dnowpref, sse, sse2, sse3, ssse3, sse4.1, sse4.2, popcnt, lzcnt, tsc, tscinvbit, avx, avx2, aes, erms, clmul, bmi1, bmi2, adx, avx512f, avx512dq, avx512cd, avx512bw, avx512vl, sha, fma, vzeroupper, avx512_vpopcntdq, avx512_vpclmulqdq, avx512_vaes, avx512_vnni, clflush, clflushopt, clwb, avx512_vbmi2, avx512_vbmi, rdtscp, rdpid, fsrm, gfni, avx512_bitalg, f16c, pku, cet_ibt, cet_ss, avx512_ifma
Processor Information for processor 0
  Max Mhz: 2419, Current Mhz: 2419, Mhz Limit: 2419
Processor Information for processor 1
  Max Mhz: 2419, Current Mhz: 2419, Mhz Limit: 2419
Processor Information for processor 2
  Max Mhz: 2419, Current Mhz: 2419, Mhz Limit: 2419
Processor Information for processor 3
  Max Mhz: 2419, Current Mhz: 2419, Mhz Limit: 2419
Processor Information for processor 4
  Max Mhz: 2419, Current Mhz: 2419, Mhz Limit: 2419
Processor Information for processor 5
  Max Mhz: 2419, Current Mhz: 2419, Mhz Limit: 2419
Processor Information for processor 6
  Max Mhz: 2419, Current Mhz: 1007, Mhz Limit: 2419
Processor Information for processor 7
  Max Mhz: 2419, Current Mhz: 2419, Mhz Limit: 2419

Memory: 4k page, system-wide physical 7900M (93M free)
TotalPageFile size 32476M (AvailPageFile size 1M)
current process WorkingSet (physical memory assigned to process): 170M, peak: 170M
current process commit charge ("private bytes"): 401M, peak: 401M

vm_info: Java HotSpot(TM) 64-Bit Server VM (22.0.1+8-16) for windows-amd64 JRE (22.0.1+8-16), built on 2024-03-12T10:33:16Z by "mach5one" with MS VC++ 17.6 (VS2022)

END.
